Archive member included to satisfy reference by file (symbol)

D:\GitHubRepository\work\workspace\Lib_EaBaseBoard\Debug\libLib_EaBaseBoard.a(joystick.o)
                              ./src/DemoLPCExpresso2016_init.o (joystick_init)
D:\GitHubRepository\work\workspace\Lib_EaBaseBoard\Debug\libLib_EaBaseBoard.a(led7seg.o)
                              ./src/DemoLPCExpresso2016_init.o (led7seg_init)
D:\GitHubRepository\work\workspace\Lib_EaBaseBoard\Debug\libLib_EaBaseBoard.a(oled.o)
                              ./src/DemoLPCExpresso2016_init.o (oled_init)
D:\GitHubRepository\work\workspace\Lib_EaBaseBoard\Debug\libLib_EaBaseBoard.a(rgb.o)
                              ./src/DemoLPCExpresso2016_init.o (rgb_init)
D:\GitHubRepository\work\workspace\Lib_EaBaseBoard\Debug\libLib_EaBaseBoard.a(rotary.o)
                              ./src/DemoLPCExpresso2016_init.o (rotary_init)
D:\GitHubRepository\work\workspace\Lib_EaBaseBoard\Debug\libLib_EaBaseBoard.a(temp.o)
                              ./src/display.o (temp_init)
D:\GitHubRepository\work\workspace\Lib_EaBaseBoard\Debug\libLib_EaBaseBoard.a(font5x7.o)
                              D:\GitHubRepository\work\workspace\Lib_EaBaseBoard\Debug\libLib_EaBaseBoard.a(oled.o) (font5x7)
D:\GitHubRepository\work\workspace\Lib_MCU\Debug\libLib_MCU.a(adc.o)
                              ./src/DemoLPCExpresso2016_init.o (ADCInit)
D:\GitHubRepository\work\workspace\Lib_MCU\Debug\libLib_MCU.a(gpio.o)
                              ./src/DemoLPCExpresso2016_init.o (GPIOInit)
D:\GitHubRepository\work\workspace\Lib_MCU\Debug\libLib_MCU.a(i2c.o)
                              ./src/DemoLPCExpresso2016_init.o (I2CInit)
D:\GitHubRepository\work\workspace\Lib_MCU\Debug\libLib_MCU.a(ssp.o)
                              ./src/DemoLPCExpresso2016_init.o (SSPInit)
D:\GitHubRepository\work\workspace\Lib_MCU\Debug\libLib_MCU.a(timer16.o)
                              ./src/buzzer.o (delayMs)
D:\GitHubRepository\work\workspace\Lib_MCU\Debug\libLib_MCU.a(timer32.o)
                              ./src/buzzer.o (delay32Ms)
D:\GitHubRepository\work\workspace\Lib_MCU\Debug\libLib_MCU.a(uart.o)
                              ./src/DemoLPCExpresso2016_init.o (UARTInit)
D:\GitHubRepository\work\workspace\Lib_CMSISv1p30_LPC11xx\Debug\libLib_CMSISv1p30_LPC11xx.a(system_LPC11xx.o)
                              ./src/buzzer.o (SystemCoreClock)
c:/nxp/lpcxpresso_8.1.4_606/lpcxpresso/tools/bin/../lib/gcc/arm-none-eabi/5.2.1/../../../../arm-none-eabi/lib/armv6-m\libcr_semihost.a(_cr__main.o)
                              ./src/cr_startup_lpc11.o (__main)
c:/nxp/lpcxpresso_8.1.4_606/lpcxpresso/tools/bin/../lib/gcc/arm-none-eabi/5.2.1/../../../../arm-none-eabi/lib/armv6-m\libcr_c.a(memset.o)
                              D:\GitHubRepository\work\workspace\Lib_EaBaseBoard\Debug\libLib_EaBaseBoard.a(oled.o) (memset)
c:/nxp/lpcxpresso_8.1.4_606/lpcxpresso/tools/bin/../lib/gcc/arm-none-eabi/5.2.1/../../../../arm-none-eabi/lib/armv6-m\libcr_c.a(initio.o)
                              c:/nxp/lpcxpresso_8.1.4_606/lpcxpresso/tools/bin/../lib/gcc/arm-none-eabi/5.2.1/../../../../arm-none-eabi/lib/armv6-m\libcr_semihost.a(_cr__main.o) (_initio)
c:/nxp/lpcxpresso_8.1.4_606/lpcxpresso/tools/bin/../lib/gcc/arm-none-eabi/5.2.1/../../../../arm-none-eabi/lib/armv6-m\libcr_c.a(setvbuf.o)
                              c:/nxp/lpcxpresso_8.1.4_606/lpcxpresso/tools/bin/../lib/gcc/arm-none-eabi/5.2.1/../../../../arm-none-eabi/lib/armv6-m\libcr_c.a(initio.o) (setvbuf)
c:/nxp/lpcxpresso_8.1.4_606/lpcxpresso/tools/bin/../lib/gcc/arm-none-eabi/5.2.1/../../../../arm-none-eabi/lib/armv6-m\libcr_c.a(stdio.o)
                              c:/nxp/lpcxpresso_8.1.4_606/lpcxpresso/tools/bin/../lib/gcc/arm-none-eabi/5.2.1/../../../../arm-none-eabi/lib/armv6-m\libcr_c.a(initio.o) (__Ciob)
c:/nxp/lpcxpresso_8.1.4_606/lpcxpresso/tools/bin/../lib/gcc/arm-none-eabi/5.2.1/../../../../arm-none-eabi/lib/armv6-m\libcr_c.a(__fillbuf.o)
                              c:/nxp/lpcxpresso_8.1.4_606/lpcxpresso/tools/bin/../lib/gcc/arm-none-eabi/5.2.1/../../../../arm-none-eabi/lib/armv6-m\libcr_c.a(stdio.o) (__filbuf)
c:/nxp/lpcxpresso_8.1.4_606/lpcxpresso/tools/bin/../lib/gcc/arm-none-eabi/5.2.1/../../../../arm-none-eabi/lib/armv6-m\libcr_c.a(_deferredlazyseek.o)
                              c:/nxp/lpcxpresso_8.1.4_606/lpcxpresso/tools/bin/../lib/gcc/arm-none-eabi/5.2.1/../../../../arm-none-eabi/lib/armv6-m\libcr_c.a(__fillbuf.o) (_deferredlazyseek)
c:/nxp/lpcxpresso_8.1.4_606/lpcxpresso/tools/bin/../lib/gcc/arm-none-eabi/5.2.1/../../../../arm-none-eabi/lib/armv6-m\libcr_c.a(_fdopen.o)
                              c:/nxp/lpcxpresso_8.1.4_606/lpcxpresso/tools/bin/../lib/gcc/arm-none-eabi/5.2.1/../../../../arm-none-eabi/lib/armv6-m\libcr_c.a(initio.o) (_fdopen)
c:/nxp/lpcxpresso_8.1.4_606/lpcxpresso/tools/bin/../lib/gcc/arm-none-eabi/5.2.1/../../../../arm-none-eabi/lib/armv6-m\libcr_c.a(_fflush.o)
[...]
Memory Configuration

Name             Origin             Length             Attributes
MFlash32         0x00000000         0x00008000         xr
RamLoc8          0x10000000         0x00002000         xrw
*default*        0x00000000         0xffffffff

Linker script and memory map

LOAD ./src/DemoLPCExpresso2016.o
LOAD ./src/DemoLPCExpresso2016_init.o
LOAD ./src/Seven_Segment.o
LOAD ./src/buzzer.o
LOAD ./src/cr_startup_lpc11.o
LOAD ./src/display.o
LOAD ./src/joystickPosition.o
LOAD ./src/push_button.o
LOAD ./src/rgbLED.o
LOAD ./src/rotary_encoder.o
LOAD ./src/temperature.o
LOAD D:\GitHubRepository\work\workspace\Lib_EaBaseBoard\Debug\libLib_EaBaseBoard.a
LOAD D:\GitHubRepository\work\workspace\Lib_MCU\Debug\libLib_MCU.a
LOAD D:\GitHubRepository\work\workspace\Lib_CMSISv1p30_LPC11xx\Debug\libLib_CMSISv1p30_LPC11xx.a
START GROUP
LOAD c:/nxp/lpcxpresso_8.1.4_606/lpcxpresso/tools/bin/../lib/gcc/arm-none-eabi/5.2.1/../../../../arm-none-eabi/lib/armv6-m\libcr_semihost.a
LOAD c:/nxp/lpcxpresso_8.1.4_606/lpcxpresso/tools/bin/../lib/gcc/arm-none-eabi/5.2.1/../../../../arm-none-eabi/lib/armv6-m\libcr_c.a
LOAD c:/nxp/lpcxpresso_8.1.4_606/lpcxpresso/tools/bin/../lib/gcc/arm-none-eabi/5.2.1/armv6-m\libcr_eabihelpers.a
END GROUP
                0x00000000                __base_MFlash32 = 0x0
                0x00000000                __base_Flash = 0x0
                0x00008000                __top_MFlash32 = 0x8000
                0x00008000                __top_Flash = 0x8000
                0x10000000                __base_RamLoc8 = 0x10000000
                0x10000000                __base_RAM = 0x10000000
                0x10002000                __top_RamLoc8 = 0x10002000
                0x10002000                __top_RAM = 0x10002000

.text           0x00000000     0x20b8
 FILL mask 0xff
                0x00000000                __vectors_start__ = ABSOLUTE (.)
 *(.isr_vector)
 .isr_vector    0x00000000       0xc0 ./src/cr_startup_lpc11.o
                0x00000000                g_pfnVectors
                0x000000c0                . = ALIGN (0x4)
                0x000000c0                __section_table_start = .
                0x000000c0                __data_section_table = .
                0x000000c0        0x4 LONG 0x20b8 LOADADDR (.data)
                0x000000c4        0x4 LONG 0x10000000 ADDR (.data)
                0x000000c8        0x4 LONG 0x74 SIZEOF (.data)
                0x000000cc                __data_section_table_end = .
                0x000000cc                __bss_section_table = .
                0x000000cc        0x4 LONG 0x10000074 ADDR (.bss)
                0x000000d0        0x4 LONG 0x498 SIZEOF (.bss)
                0x000000d4                __bss_section_table_end = .
                0x000000d4                __section_table_end = .
 *(.after_vectors*)
 *(.text*)
 .text.main     0x000000d4       0x58 ./src/DemoLPCExpresso2016.o
                0x000000d4                main
 .text.DemoLPCExpresso2016_init
                0x0000012c       0x5c ./src/DemoLPCExpresso2016_init.o
                0x0000012c                DemoLPCExpresso2016_init
 .text.ledSet   0x00000188       0x40 ./src/Seven_Segment.o
                0x00000188                ledSet
 .text.TIMER32_0_IRQHandler
                0x000001c8       0x24 ./src/buzzer.o
                0x000001c8                TIMER32_0_IRQHandler
 .text.ResetISR
                0x000001ec       0x60 ./src/cr_startup_lpc11.o
                0x000001ec                ResetISR
 .text.NMI_Handler
                0x0000024c        0x8 ./src/cr_startup_lpc11.o
                0x0000024c                NMI_Handler
 .text.HardFault_Handler
                0x00000254        0x8 ./src/cr_startup_lpc11.o
                0x00000254                HardFault_Handler
 .text.SVCall_Handler
                0x0000025c        0x8 ./src/cr_startup_lpc11.o
                0x0000025c                SVCall_Handler
 .text.PendSV_Handler
                0x00000264        0x8 ./src/cr_startup_lpc11.o
                0x00000264                PendSV_Handler
 .text.IntDefaultHandler
                0x0000026c        0x8 ./src/cr_startup_lpc11.o
                0x0000026c                UART_IRQHandler
                0x0000026c                TIMER32_1_IRQHandler
                0x0000026c                IntDefaultHandler
                0x0000026c                PIOINT1_IRQHandler
                0x0000026c                CAN_IRQHandler
                0x0000026c                SSP0_IRQHandler
                0x0000026c                TIMER16_1_IRQHandler
                0x0000026c                ADC_IRQHandler
                0x0000026c                SSP1_IRQHandler
                0x0000026c                PIOINT2_IRQHandler
                0x0000026c                BOD_IRQHandler
                0x0000026c                WAKEUP_IRQHandler
                0x0000026c                PIOINT0_IRQHandler
                0x0000026c                WDT_IRQHandler
                0x0000026c                PIOINT3_IRQHandler
 .text.SysTick_Handler
                0x00000274       0x18 ./src/display.o
                0x00000274                SysTick_Handler
 .text.NVIC_EnableIRQ
                0x0000028c       0x2c ./src/rgbLED.o
 .text.Chip_TIMER_MatchPending
                0x000002b8       0x34 ./src/rgbLED.o
 .text.Chip_TIMER_ClearMatch
                0x000002ec       0x28 ./src/rgbLED.o
 .text.Chip_TIMER_Enable
                0x00000314       0x1c ./src/rgbLED.o
 .text.Chip_TIMER_Disable
                0x00000330       0x20 ./src/rgbLED.o
 .text.Chip_TIMER_Reset
                0x00000350       0x38 ./src/rgbLED.o
                0x00000350                Chip_TIMER_Reset
 .text.setTimer16
                0x00000388       0x74 ./src/rgbLED.o
                0x00000388                setTimer16
 .text.init_rgbLED
                0x000003fc       0x3c ./src/rgbLED.o
                0x000003fc                init_rgbLED
 .text.TIMER16_0_IRQHandler
                0x00000438       0xac ./src/rgbLED.o
                0x00000438                TIMER16_0_IRQHandler
 .text.setColor_rgb
                0x000004e4       0x54 ./src/rgbLED.o
                0x000004e4                setColor_rgb
 .text.rgbRainbow
                0x00000538       0x60 ./src/rgbLED.o
                0x00000538                rgbRainbow
 .text.rgb_stop
                0x00000598       0x34 ./src/rgbLED.o
                0x00000598                rgb_stop
 .text.rotary_encoder
                0x000005cc       0x64 ./src/rotary_encoder.o
                0x000005cc                rotary_encoder
 .text.joystick_init
                0x00000630       0x3c D:\GitHubRepository\work\workspace\Lib_EaBaseBoard\Debug\libLib_EaBaseBoard.a(joystick.o)
                0x00000630                joystick_init
 .text.led7seg_init
                0x0000066c       0x20 D:\GitHubRepository\work\workspace\Lib_EaBaseBoard\Debug\libLib_EaBaseBoard.a(led7seg.o)
                0x0000066c                led7seg_init
 .text.led7seg_setChar
                0x0000068c       0x74 D:\GitHubRepository\work\workspace\Lib_EaBaseBoard\Debug\libLib_EaBaseBoard.a(led7seg.o)
                0x0000068c                led7seg_setChar
 .text.writeCommand
                0x00000700       0x3c D:\GitHubRepository\work\workspace\Lib_EaBaseBoard\Debug\libLib_EaBaseBoard.a(oled.o)
 .text.writeDataLen
                0x0000073c       0x78 D:\GitHubRepository\work\workspace\Lib_EaBaseBoard\Debug\libLib_EaBaseBoard.a(oled.o)
 .text.runInitSequence
                0x000007b4       0xd8 D:\GitHubRepository\work\workspace\Lib_EaBaseBoard\Debug\libLib_EaBaseBoard.a(oled.o)
 .text.oled_init
                0x0000088c       0x88 D:\GitHubRepository\work\workspace\Lib_EaBaseBoard\Debug\libLib_EaBaseBoard.a(oled.o)
                0x0000088c                oled_init
 .text.oled_clearScreen
                0x00000914       0x8c D:\GitHubRepository\work\workspace\Lib_EaBaseBoard\Debug\libLib_EaBaseBoard.a(oled.o)
                0x00000914                oled_clearScreen
 .text.rgb_init
                0x000009a0       0x58 D:\GitHubRepository\work\workspace\Lib_EaBaseBoard\Debug\libLib_EaBaseBoard.a(rgb.o)
                0x000009a0                rgb_init
 .text.rotary_init
                0x000009f8       0x20 D:\GitHubRepository\work\workspace\Lib_EaBaseBoard\Debug\libLib_EaBaseBoard.a(rotary.o)
                0x000009f8                rotary_init
 .text.rotary_read
                0x00000a18       0xf0 D:\GitHubRepository\work\workspace\Lib_EaBaseBoard\Debug\libLib_EaBaseBoard.a(rotary.o)
                0x00000a18                rotary_read
 .text.ADCInit  0x00000b08       0xac D:\GitHubRepository\work\workspace\Lib_MCU\Debug\libLib_MCU.a(adc.o)
                0x00000b08                ADCInit
 .text.NVIC_EnableIRQ
                0x00000bb4       0x2c D:\GitHubRepository\work\workspace\Lib_MCU\Debug\libLib_MCU.a(gpio.o)
 .text.GPIOInit
                0x00000be0       0x38 D:\GitHubRepository\work\workspace\Lib_MCU\Debug\libLib_MCU.a(gpio.o)
                0x00000be0                GPIOInit
 .text.GPIOSetDir
                0x00000c18      0x210 D:\GitHubRepository\work\workspace\Lib_MCU\Debug\libLib_MCU.a(gpio.o)
                0x00000c18                GPIOSetDir
 .text.GPIOSetValue
                0x00000e28       0x9c D:\GitHubRepository\work\workspace\Lib_MCU\Debug\libLib_MCU.a(gpio.o)
                0x00000e28                GPIOSetValue
 .text.NVIC_EnableIRQ
                0x00000ec4       0x2c D:\GitHubRepository\work\workspace\Lib_MCU\Debug\libLib_MCU.a(i2c.o)
 .text.I2C_IRQHandler
                0x00000ef0      0x1e4 D:\GitHubRepository\work\workspace\Lib_MCU\Debug\libLib_MCU.a(i2c.o)
                0x00000ef0                I2C_IRQHandler
 .text.I2CInit  0x000010d4       0xa0 D:\GitHubRepository\work\workspace\Lib_MCU\Debug\libLib_MCU.a(i2c.o)
                0x000010d4                I2CInit
 .text.NVIC_EnableIRQ
                0x00001174       0x2c D:\GitHubRepository\work\workspace\Lib_MCU\Debug\libLib_MCU.a(ssp.o)
 .text.SSPInit  0x000011a0       0xec D:\GitHubRepository\work\workspace\Lib_MCU\Debug\libLib_MCU.a(ssp.o)
                0x000011a0                SSPInit
 .text.SSPSend  0x0000128c       0x6c D:\GitHubRepository\work\workspace\Lib_MCU\Debug\libLib_MCU.a(ssp.o)
                0x0000128c                SSPSend
 .text.NVIC_EnableIRQ
                0x000012f8       0x2c D:\GitHubRepository\work\workspace\Lib_MCU\Debug\libLib_MCU.a(timer32.o)
 .text.delay32Ms
                0x00001324       0xe4 D:\GitHubRepository\work\workspace\Lib_MCU\Debug\libLib_MCU.a(timer32.o)
                0x00001324                delay32Ms
 .text.init_timer32
                0x00001408      0x11c D:\GitHubRepository\work\workspace\Lib_MCU\Debug\libLib_MCU.a(timer32.o)
                0x00001408                init_timer32
 .text.NVIC_DisableIRQ
                0x00001524       0x30 D:\GitHubRepository\work\workspace\Lib_MCU\Debug\libLib_MCU.a(uart.o)
 .text.UARTInit
                0x00001554       0xfc D:\GitHubRepository\work\workspace\Lib_MCU\Debug\libLib_MCU.a(uart.o)
                0x00001554                UARTInit
 .text.UARTSendString
                0x00001650       0x44 D:\GitHubRepository\work\workspace\Lib_MCU\Debug\libLib_MCU.a(uart.o)
                0x00001650                UARTSendString
 .text.__NOP    0x00001694        0xc D:\GitHubRepository\work\workspace\Lib_CMSISv1p30_LPC11xx\Debug\libLib_CMSISv1p30_LPC11xx.a(system_LPC11xx.o)
 .text.SystemInit
                0x000016a0       0xe0 D:\GitHubRepository\work\workspace\Lib_CMSISv1p30_LPC11xx\Debug\libLib_CMSISv1p30_LPC11xx.a(system_LPC11xx.o)
                0x000016a0                SystemInit
 .text.__main   0x00001780       0x12 c:/nxp/lpcxpresso_8.1.4_606/lpcxpresso/tools/bin/../lib/gcc/arm-none-eabi/5.2.1/../../../../arm-none-eabi/lib/armv6-m\libcr_semihost.a(_cr__main.o)
                0x00001780                __CR_SEMIHOST
                0x00001780                __main
 .text.memset   0x00001792        0x8 c:/nxp/lpcxpresso_8.1.4_606/lpcxpresso/tools/bin/../lib/gcc/arm-none-eabi/5.2.1/../../../../arm-none-eabi/lib/armv6-m\libcr_c.a(memset.o)
                0x00001792                memset
 *fill*         0x0000179a        0x2 ff
 .text._initio  0x0000179c       0xa8 c:/nxp/lpcxpresso_8.1.4_606/lpcxpresso/tools/bin/../lib/gcc/arm-none-eabi/5.2.1/../../../../arm-none-eabi/lib/armv6-m\libcr_c.a(initio.o)
                0x0000179c                _initio
 .text.setvbuf  0x00001844       0x48 c:/nxp/lpcxpresso_8.1.4_606/lpcxpresso/tools/bin/../lib/gcc/arm-none-eabi/5.2.1/../../../../arm-none-eabi/lib/armv6-m\libcr_c.a(setvbuf.o)
                0x00001844                setvbuf
 .text._deferredlazyseek
                0x0000188c       0x44 c:/nxp/lpcxpresso_8.1.4_606/lpcxpresso/tools/bin/../lib/gcc/arm-none-eabi/5.2.1/../../../../arm-none-eabi/lib/armv6-m\libcr_c.a(_deferredlazyseek.o)
                0x0000188c                _deferredlazyseek
 .text._fdopen  0x000018d0       0x74 c:/nxp/lpcxpresso_8.1.4_606/lpcxpresso/tools/bin/../lib/gcc/arm-none-eabi/5.2.1/../../../../arm-none-eabi/lib/armv6-m\libcr_c.a(_fdopen.o)
                0x000018d0                _fdopen
 .text._fflush  0x00001944       0x64 c:/nxp/lpcxpresso_8.1.4_606/lpcxpresso/tools/bin/../lib/gcc/arm-none-eabi/5.2.1/../../../../arm-none-eabi/lib/armv6-m\libcr_c.a(_fflush.o)
                0x00001944                _fflush
 .text._Cwritebuf
                0x000019a8       0x6c c:/nxp/lpcxpresso_8.1.4_606/lpcxpresso/tools/bin/../lib/gcc/arm-none-eabi/5.2.1/../../../../arm-none-eabi/lib/armv6-m\libcr_c.a(_writebuf.o)
                0x000019a8                _Cwritebuf
 .text.malloc   0x00001a14       0xcc c:/nxp/lpcxpresso_8.1.4_606/lpcxpresso/tools/bin/../lib/gcc/arm-none-eabi/5.2.1/../../../../arm-none-eabi/lib/armv6-m\libcr_c.a(alloc.o)
                0x00001a14                malloc
 .text.free     0x00001ae0       0x2e c:/nxp/lpcxpresso_8.1.4_606/lpcxpresso/tools/bin/../lib/gcc/arm-none-eabi/5.2.1/../../../../arm-none-eabi/lib/armv6-m\libcr_c.a(alloc.o)
                0x00001ae0                free
 *fill*         0x00001b0e        0x2 ff
 .text._Csys_alloc
                0x00001b10       0x20 c:/nxp/lpcxpresso_8.1.4_606/lpcxpresso/tools/bin/../lib/gcc/arm-none-eabi/5.2.1/../../../../arm-none-eabi/lib/armv6-m\libcr_c.a(alloc.o)
                0x00001b10                _Csys_alloc
 .text.fclose   0x00001b30       0x70 c:/nxp/lpcxpresso_8.1.4_606/lpcxpresso/tools/bin/../lib/gcc/arm-none-eabi/5.2.1/../../../../arm-none-eabi/lib/armv6-m\libcr_c.a(fclose.o)
                0x00001b30                fclose
 .text.fflush   0x00001ba0       0x34 c:/nxp/lpcxpresso_8.1.4_606/lpcxpresso/tools/bin/../lib/gcc/arm-none-eabi/5.2.1/../../../../arm-none-eabi/lib/armv6-m\libcr_c.a(fflush.o)
                0x00001ba0                fflush
 .text.fseek    0x00001bd4      0x100 c:/nxp/lpcxpresso_8.1.4_606/lpcxpresso/tools/bin/../lib/gcc/arm-none-eabi/5.2.1/../../../../arm-none-eabi/lib/armv6-m\libcr_c.a(fseek.o)
                0x00001bd4                fseek
 .text.ftell    0x00001cd4       0x4c c:/nxp/lpcxpresso_8.1.4_606/lpcxpresso/tools/bin/../lib/gcc/arm-none-eabi/5.2.1/../../../../arm-none-eabi/lib/armv6-m\libcr_c.a(ftell.o)
                0x00001cd4                ftell
 .text.remove   0x00001d20       0x12 c:/nxp/lpcxpresso_8.1.4_606/lpcxpresso/tools/bin/../lib/gcc/arm-none-eabi/5.2.1/../../../../arm-none-eabi/lib/armv6-m\libcr_c.a(remove.o)
                0x00001d20                remove
 *fill*         0x00001d32        0x2 ff
 .text.strlen   0x00001d34       0x54 c:/nxp/lpcxpresso_8.1.4_606/lpcxpresso/tools/bin/../lib/gcc/arm-none-eabi/5.2.1/../../../../arm-none-eabi/lib/armv6-m\libcr_c.a(strlen.o)
                0x00001d34                strlen
 .text._sbrk    0x00001d88       0x40 c:/nxp/lpcxpresso_8.1.4_606/lpcxpresso/tools/bin/../lib/gcc/arm-none-eabi/5.2.1/../../../../arm-none-eabi/lib/armv6-m\libcr_c.a(_cr_sbrk.o)
                0x00001d88                _sbrk
 .text._do_fflush
                0x00001dc8       0x48 c:/nxp/lpcxpresso_8.1.4_606/lpcxpresso/tools/bin/../lib/gcc/arm-none-eabi/5.2.1/../../../../arm-none-eabi/lib/armv6-m\libcr_c.a(_do_fflush.o)
                0x00001dc8                _do_fflush
 .text.__check_heap_overflow
                0x00001e10       0x14 c:/nxp/lpcxpresso_8.1.4_606/lpcxpresso/tools/bin/../lib/gcc/arm-none-eabi/5.2.1/../../../../arm-none-eabi/lib/armv6-m\libcr_c.a(_cr_check_heap.o)
                0x00001e10                __check_heap_overflow
 .text.__aeabi_division_idivmod
                0x00001e24       0x78 c:/nxp/lpcxpresso_8.1.4_606/lpcxpresso/tools/bin/../lib/gcc/arm-none-eabi/5.2.1/armv6-m\libcr_eabihelpers.a(division_32.o)
                0x00001e24                __aeabi_idivmod
                0x00001e24                __aeabi_idiv
                0x00001e2a                __aeabi_uidivmod
                0x00001e2a                __aeabi_uidiv
 .text.__aeabi_division_idiv0
                0x00001e9c        0x2 c:/nxp/lpcxpresso_8.1.4_606/lpcxpresso/tools/bin/../lib/gcc/arm-none-eabi/5.2.1/armv6-m\libcr_eabihelpers.a(division_idiv0.o)
                0x00001e9c                __aeabi_idiv0
 .text.__aeabi_memset_lowlevel
                0x00001e9e       0x2a c:/nxp/lpcxpresso_8.1.4_606/lpcxpresso/tools/bin/../lib/gcc/arm-none-eabi/5.2.1/armv6-m\libcr_eabihelpers.a(memcpy.o)
                0x00001e9e                __aeabi_lowlevel_memset
 .text.__sys_appexit
                0x00001ec8        0xc c:/nxp/lpcxpresso_8.1.4_606/lpcxpresso/tools/bin/../lib/gcc/arm-none-eabi/5.2.1/../../../../arm-none-eabi/lib/armv6-m\libcr_semihost.a(__sys_appexit.o)
                0x00001ec8                __sys_appexit
                0x00001ec8                __exit
 .text.__sys_close
                0x00001ed4        0xc c:/nxp/lpcxpresso_8.1.4_606/lpcxpresso/tools/bin/../lib/gcc/arm-none-eabi/5.2.1/../../../../arm-none-eabi/lib/armv6-m\libcr_semihost.a(__sys_close.o)
                0x00001ed4                __sys_close
 .text.__sys_flen
                0x00001ee0        0xc c:/nxp/lpcxpresso_8.1.4_606/lpcxpresso/tools/bin/../lib/gcc/arm-none-eabi/5.2.1/../../../../arm-none-eabi/lib/armv6-m\libcr_semihost.a(__sys_flen.o)
                0x00001ee0                __sys_flen
 .text.__sys_istty
                0x00001eec        0xc c:/nxp/lpcxpresso_8.1.4_606/lpcxpresso/tools/bin/../lib/gcc/arm-none-eabi/5.2.1/../../../../arm-none-eabi/lib/armv6-m\libcr_semihost.a(__sys_istty.o)
                0x00001eec                __sys_istty
 .text.__sys_remove
                0x00001ef8        0xc c:/nxp/lpcxpresso_8.1.4_606/lpcxpresso/tools/bin/../lib/gcc/arm-none-eabi/5.2.1/../../../../arm-none-eabi/lib/armv6-m\libcr_semihost.a(__sys_remove.o)
                0x00001ef8                __sys_remove
 .text.__sys_seek
                0x00001f04        0xc c:/nxp/lpcxpresso_8.1.4_606/lpcxpresso/tools/bin/../lib/gcc/arm-none-eabi/5.2.1/../../../../arm-none-eabi/lib/armv6-m\libcr_semihost.a(__sys_seek.o)
                0x00001f04                __sys_seek
 .text.__sys_tmpnam
                0x00001f10        0xc c:/nxp/lpcxpresso_8.1.4_606/lpcxpresso/tools/bin/../lib/gcc/arm-none-eabi/5.2.1/../../../../arm-none-eabi/lib/armv6-m\libcr_semihost.a(__sys_tmpnam.o)
                0x00001f10                __sys_tmpnam
 .text.__sys_write
                0x00001f1c        0xc c:/nxp/lpcxpresso_8.1.4_606/lpcxpresso/tools/bin/../lib/gcc/arm-none-eabi/5.2.1/../../../../arm-none-eabi/lib/armv6-m\libcr_semihost.a(__sys_write.o)
                0x00001f1c                __sys_write
                0x00001f1c                __write
 *(.rodata .rodata.* .constdata .constdata.*)
 .rodata        0x00001f28       0x15 ./src/DemoLPCExpresso2016_init.o
 *fill*         0x00001f3d        0x3 ff
 .rodata        0x00001f40       0x18 D:\GitHubRepository\work\workspace\Lib_EaBaseBoard\Debug\libLib_EaBaseBoard.a(rotary.o)
 .rodata        0x00001f58      0x144 D:\GitHubRepository\work\workspace\Lib_MCU\Debug\libLib_MCU.a(i2c.o)
 .rodata.str1.1
                0x0000209c        0x4 c:/nxp/lpcxpresso_8.1.4_606/lpcxpresso/tools/bin/../lib/gcc/arm-none-eabi/5.2.1/../../../../arm-none-eabi/lib/armv6-m\libcr_c.a(initio.o)
 .rodata.str1.1
                0x000020a0       0x18 c:/nxp/lpcxpresso_8.1.4_606/lpcxpresso/tools/bin/../lib/gcc/arm-none-eabi/5.2.1/../../../../arm-none-eabi/lib/armv6-m\libcr_c.a(alloc.o)
                0x000020b8                . = ALIGN (0x4)

.glue_7         0x000020b8        0x0
 .glue_7        0x000020b8        0x0 linker stubs

.glue_7t        0x000020b8        0x0
 .glue_7t       0x000020b8        0x0 linker stubs

.vfp11_veneer   0x000020b8        0x0
 .vfp11_veneer  0x000020b8        0x0 linker stubs

.v4_bx          0x000020b8        0x0
 .v4_bx         0x000020b8        0x0 linker stubs

.iplt           0x000020b8        0x0
 .iplt          0x000020b8        0x0 ./src/DemoLPCExpresso2016.o

.rel.dyn        0x000020b8        0x0
 .rel.iplt      0x000020b8        0x0 ./src/DemoLPCExpresso2016.o

.ARM.extab
 *(.ARM.extab* .gnu.linkonce.armextab.*)
                0x000020b8                __exidx_start = .

.ARM.exidx
 *(.ARM.exidx* .gnu.linkonce.armexidx.*)
                0x000020b8                __exidx_end = .
                0x000020b8                _etext = .

.uninit_RESERVED
                0x10000000        0x0
 *(.bss.$RESERVED*)
                0x10000000                . = ALIGN (0x4)
                0x10000000                _end_uninit_RESERVED = .

.data           0x10000000       0x74 load address 0x000020b8
 FILL mask 0xff
                0x10000000                _data = .
 *(vtable)
 *(.ramfunc*)
 *(.data*)
 .data          0x10000000       0x1f ./src/rgbLED.o
 *fill*         0x1000001f        0x1 ff
 .data          0x10000020       0x50 D:\GitHubRepository\work\workspace\Lib_EaBaseBoard\Debug\libLib_EaBaseBoard.a(led7seg.o)
 .data          0x10000070        0x4 D:\GitHubRepository\work\workspace\Lib_CMSISv1p30_LPC11xx\Debug\libLib_CMSISv1p30_LPC11xx.a(system_LPC11xx.o)
                0x10000070                SystemCoreClock
                0x10000074                . = ALIGN (0x4)
                0x10000074                _edata = .

.igot.plt       0x10000074        0x0 load address 0x0000212c
 .igot.plt      0x10000074        0x0 ./src/DemoLPCExpresso2016.o

.bss            0x10000074      0x498 load address 0x0000212c
                0x10000074                _bss = .
 *(.bss*)
 .bss           0x10000074        0x4 ./src/buzzer.o
                0x10000074                timer32_0_counter
 .bss           0x10000078       0x14 ./src/display.o
                0x10000088                t
 .bss           0x1000008c        0x1 ./src/rotary_encoder.o
 *fill*         0x1000008d        0x3 
 .bss           0x10000090      0x300 D:\GitHubRepository\work\workspace\Lib_EaBaseBoard\Debug\libLib_EaBaseBoard.a(oled.o)
 .bss           0x10000390       0x29 D:\GitHubRepository\work\workspace\Lib_MCU\Debug\libLib_MCU.a(i2c.o)
 *fill*         0x100003b9        0x3 
 .bss._extra    0x100003bc        0x4 c:/nxp/lpcxpresso_8.1.4_606/lpcxpresso/tools/bin/../lib/gcc/arm-none-eabi/5.2.1/../../../../arm-none-eabi/lib/armv6-m\libcr_c.a(initio.o)
                0x100003bc                _extra
 .bss.__Ciob    0x100003c0      0x140 c:/nxp/lpcxpresso_8.1.4_606/lpcxpresso/tools/bin/../lib/gcc/arm-none-eabi/5.2.1/../../../../arm-none-eabi/lib/armv6-m\libcr_c.a(stdio.o)
                0x100003c0                __Ciob
 .bss.__heaps   0x10000500        0x4 c:/nxp/lpcxpresso_8.1.4_606/lpcxpresso/tools/bin/../lib/gcc/arm-none-eabi/5.2.1/../../../../arm-none-eabi/lib/armv6-m\libcr_c.a(__init_alloc.o)
                0x10000500                __heaps
 .bss.__end_of_heap
                0x10000504        0x4 c:/nxp/lpcxpresso_8.1.4_606/lpcxpresso/tools/bin/../lib/gcc/arm-none-eabi/5.2.1/../../../../arm-none-eabi/lib/armv6-m\libcr_c.a(__init_alloc.o)
                0x10000504                __end_of_heap
 .bss.errno     0x10000508        0x4 c:/nxp/lpcxpresso_8.1.4_606/lpcxpresso/tools/bin/../lib/gcc/arm-none-eabi/5.2.1/../../../../arm-none-eabi/lib/armv6-m\libcr_c.a(errno.o)
                0x10000508                errno
 *(COMMON)
                0x1000050c                . = ALIGN (0x4)
                0x1000050c                _ebss = .
                [!provide]                PROVIDE (end, .)

.noinit         0x1000050c        0x0 load address 0x0000212c
                0x1000050c                _noinit = .
 *(.noinit*)
                0x1000050c                . = ALIGN (0x4)
                0x1000050c                _end_noinit = .
                0x1000050c                PROVIDE (_pvHeapStart, DEFINED (__user_heap_base)?__user_heap_base:.)
                0x10002000                PROVIDE (_vStackTop, DEFINED (__user_stack_top)?__user_stack_top:(__top_RamLoc8 - 0x0))
                [!provide]                PROVIDE (__valid_user_code_checksum, (0x0 - (((_vStackTop + (ResetISR + 0x1)) + (DEFINED (NMI_Handler)?NMI_Handler:M0_NMI_Handler + 0x1)) + (DEFINED (HardFault_Handler)?HardFault_Handler:M0_HardFault_Handler + 0x1))))
OUTPUT(leds_joystick.axf elf32-littlearm)

.debug_info     0x00000000     0x6755
 .debug_info    0x00000000       0xd1 ./src/DemoLPCExpresso2016.o
 .debug_info    0x000000d1       0xca ./src/DemoLPCExpresso2016_init.o
 .debug_info    0x0000019b       0xe0 ./src/Seven_Segment.o
 .debug_info    0x0000027b      0x681 ./src/buzzer.o
 .debug_info    0x000008fc      0x186 ./src/cr_startup_lpc11.o
 .debug_info    0x00000a82      0x836 ./src/display.o
 .debug_info    0x000012b8      0x88b ./src/rgbLED.o
 .debug_info    0x00001b43       0xd9 ./src/rotary_encoder.o
 .debug_info    0x00001c1c       0xb7 D:\GitHubRepository\work\workspace\Lib_EaBaseBoard\Debug\libLib_EaBaseBoard.a(joystick.o)
 .debug_info    0x00001cd3       0xfe D:\GitHubRepository\work\workspace\Lib_EaBaseBoard\Debug\libLib_EaBaseBoard.a(led7seg.o)
 .debug_info    0x00001dd1      0x79e D:\GitHubRepository\work\workspace\Lib_EaBaseBoard\Debug\libLib_EaBaseBoard.a(oled.o)
 .debug_info    0x0000256f      0x327 D:\GitHubRepository\work\workspace\Lib_EaBaseBoard\Debug\libLib_EaBaseBoard.a(rgb.o)
 .debug_info    0x00002896      0x1e2 D:\GitHubRepository\work\workspace\Lib_EaBaseBoard\Debug\libLib_EaBaseBoard.a(rotary.o)
 .debug_info    0x00002a78      0x727 D:\GitHubRepository\work\workspace\Lib_MCU\Debug\libLib_MCU.a(adc.o)
 .debug_info    0x0000319f      0x8b4 D:\GitHubRepository\work\workspace\Lib_MCU\Debug\libLib_MCU.a(gpio.o)
 .debug_info    0x00003a53      0xade D:\GitHubRepository\work\workspace\Lib_MCU\Debug\libLib_MCU.a(i2c.o)
 .debug_info    0x00004531      0x989 D:\GitHubRepository\work\workspace\Lib_MCU\Debug\libLib_MCU.a(ssp.o)
 .debug_info    0x00004eba      0xa03 D:\GitHubRepository\work\workspace\Lib_MCU\Debug\libLib_MCU.a(timer32.o)
 .debug_info    0x000058bd      0xa74 D:\GitHubRepository\work\workspace\Lib_MCU\Debug\libLib_MCU.a(uart.o)
 .debug_info    0x00006331      0x424 D:\GitHubRepository\work\workspace\Lib_CMSISv1p30_LPC11xx\Debug\libLib_CMSISv1p30_LPC11xx.a(system_LPC11xx.o)

.debug_abbrev   0x00000000     0x1800
 .debug_abbrev  0x00000000       0x8b ./src/DemoLPCExpresso2016.o
 .debug_abbrev  0x0000008b       0x73 ./src/DemoLPCExpresso2016_init.o
 .debug_abbrev  0x000000fe       0x84 ./src/Seven_Segment.o
 .debug_abbrev  0x00000182      0x18d ./src/buzzer.o
 .debug_abbrev  0x0000030f       0xb9 ./src/cr_startup_lpc11.o
 .debug_abbrev  0x000003c8      0x1ea ./src/display.o
 .debug_abbrev  0x000005b2      0x1ea ./src/rgbLED.o
 .debug_abbrev  0x0000079c       0x77 ./src/rotary_encoder.o
 .debug_abbrev  0x00000813       0x7b D:\GitHubRepository\work\workspace\Lib_EaBaseBoard\Debug\libLib_EaBaseBoard.a(joystick.o)
 .debug_abbrev  0x0000088e       0xba D:\GitHubRepository\work\workspace\Lib_EaBaseBoard\Debug\libLib_EaBaseBoard.a(led7seg.o)
 .debug_abbrev  0x00000948      0x187 D:\GitHubRepository\work\workspace\Lib_EaBaseBoard\Debug\libLib_EaBaseBoard.a(oled.o)
 .debug_abbrev  0x00000acf       0xae D:\GitHubRepository\work\workspace\Lib_EaBaseBoard\Debug\libLib_EaBaseBoard.a(rgb.o)
 .debug_abbrev  0x00000b7d      0x114 D:\GitHubRepository\work\workspace\Lib_EaBaseBoard\Debug\libLib_EaBaseBoard.a(rotary.o)
 .debug_abbrev  0x00000c91      0x158 D:\GitHubRepository\work\workspace\Lib_MCU\Debug\libLib_MCU.a(adc.o)
 .debug_abbrev  0x00000de9      0x214 D:\GitHubRepository\work\workspace\Lib_MCU\Debug\libLib_MCU.a(gpio.o)
 .debug_abbrev  0x00000ffd      0x1f9 D:\GitHubRepository\work\workspace\Lib_MCU\Debug\libLib_MCU.a(i2c.o)
 .debug_abbrev  0x000011f6      0x1ad D:\GitHubRepository\work\workspace\Lib_MCU\Debug\libLib_MCU.a(ssp.o)
 .debug_abbrev  0x000013a3      0x186 D:\GitHubRepository\work\workspace\Lib_MCU\Debug\libLib_MCU.a(timer32.o)
 .debug_abbrev  0x00001529      0x1f5 D:\GitHubRepository\work\workspace\Lib_MCU\Debug\libLib_MCU.a(uart.o)
 .debug_abbrev  0x0000171e       0xe2 D:\GitHubRepository\work\workspace\Lib_CMSISv1p30_LPC11xx\Debug\libLib_CMSISv1p30_LPC11xx.a(system_LPC11xx.o)

.debug_aranges  0x00000000      0x4f0
 .debug_aranges
                0x00000000       0x20 ./src/DemoLPCExpresso2016.o
 .debug_aranges
                0x00000020       0x20 ./src/DemoLPCExpresso2016_init.o
 .debug_aranges
                0x00000040       0x20 ./src/Seven_Segment.o
 .debug_aranges
                0x00000060       0x30 ./src/buzzer.o
 .debug_aranges
                0x00000090       0x50 ./src/cr_startup_lpc11.o
 .debug_aranges
                0x000000e0       0x50 ./src/display.o
 .debug_aranges
                0x00000130       0x78 ./src/rgbLED.o
 .debug_aranges
                0x000001a8       0x20 ./src/rotary_encoder.o
 .debug_aranges
                0x000001c8       0x28 D:\GitHubRepository\work\workspace\Lib_EaBaseBoard\Debug\libLib_EaBaseBoard.a(joystick.o)
 .debug_aranges
                0x000001f0       0x28 D:\GitHubRepository\work\workspace\Lib_EaBaseBoard\Debug\libLib_EaBaseBoard.a(led7seg.o)
 .debug_aranges
                0x00000218       0x90 D:\GitHubRepository\work\workspace\Lib_EaBaseBoard\Debug\libLib_EaBaseBoard.a(oled.o)
 .debug_aranges
                0x000002a8       0x28 D:\GitHubRepository\work\workspace\Lib_EaBaseBoard\Debug\libLib_EaBaseBoard.a(rgb.o)
 .debug_aranges
                0x000002d0       0x28 D:\GitHubRepository\work\workspace\Lib_EaBaseBoard\Debug\libLib_EaBaseBoard.a(rotary.o)
 .debug_aranges
                0x000002f8       0x30 D:\GitHubRepository\work\workspace\Lib_MCU\Debug\libLib_MCU.a(adc.o)
 .debug_aranges
                0x00000328       0x68 D:\GitHubRepository\work\workspace\Lib_MCU\Debug\libLib_MCU.a(gpio.o)
 .debug_aranges
                0x00000390       0x58 D:\GitHubRepository\work\workspace\Lib_MCU\Debug\libLib_MCU.a(i2c.o)
 .debug_aranges
                0x000003e8       0x40 D:\GitHubRepository\work\workspace\Lib_MCU\Debug\libLib_MCU.a(ssp.o)
 .debug_aranges
                0x00000428       0x50 D:\GitHubRepository\work\workspace\Lib_MCU\Debug\libLib_MCU.a(timer32.o)
 .debug_aranges
                0x00000478       0x48 D:\GitHubRepository\work\workspace\Lib_MCU\Debug\libLib_MCU.a(uart.o)
 .debug_aranges
                0x000004c0       0x30 D:\GitHubRepository\work\workspace\Lib_CMSISv1p30_LPC11xx\Debug\libLib_CMSISv1p30_LPC11xx.a(system_LPC11xx.o)

.debug_ranges   0x00000000      0x3b0
 .debug_ranges  0x00000000       0x10 ./src/DemoLPCExpresso2016.o
 .debug_ranges  0x00000010       0x10 ./src/DemoLPCExpresso2016_init.o
 .debug_ranges  0x00000020       0x10 ./src/Seven_Segment.o
 .debug_ranges  0x00000030       0x20 ./src/buzzer.o
 .debug_ranges  0x00000050       0x40 ./src/cr_startup_lpc11.o
 .debug_ranges  0x00000090       0x40 ./src/display.o
 .debug_ranges  0x000000d0       0x68 ./src/rgbLED.o
 .debug_ranges  0x00000138       0x10 ./src/rotary_encoder.o
 .debug_ranges  0x00000148       0x18 D:\GitHubRepository\work\workspace\Lib_EaBaseBoard\Debug\libLib_EaBaseBoard.a(joystick.o)
 .debug_ranges  0x00000160       0x18 D:\GitHubRepository\work\workspace\Lib_EaBaseBoard\Debug\libLib_EaBaseBoard.a(led7seg.o)
 .debug_ranges  0x00000178       0x80 D:\GitHubRepository\work\workspace\Lib_EaBaseBoard\Debug\libLib_EaBaseBoard.a(oled.o)
 .debug_ranges  0x000001f8       0x18 D:\GitHubRepository\work\workspace\Lib_EaBaseBoard\Debug\libLib_EaBaseBoard.a(rgb.o)
 .debug_ranges  0x00000210       0x18 D:\GitHubRepository\work\workspace\Lib_EaBaseBoard\Debug\libLib_EaBaseBoard.a(rotary.o)
 .debug_ranges  0x00000228       0x20 D:\GitHubRepository\work\workspace\Lib_MCU\Debug\libLib_MCU.a(adc.o)
 .debug_ranges  0x00000248       0x58 D:\GitHubRepository\work\workspace\Lib_MCU\Debug\libLib_MCU.a(gpio.o)
 .debug_ranges  0x000002a0       0x48 D:\GitHubRepository\work\workspace\Lib_MCU\Debug\libLib_MCU.a(i2c.o)
 .debug_ranges  0x000002e8       0x30 D:\GitHubRepository\work\workspace\Lib_MCU\Debug\libLib_MCU.a(ssp.o)
 .debug_ranges  0x00000318       0x40 D:\GitHubRepository\work\workspace\Lib_MCU\Debug\libLib_MCU.a(timer32.o)
 .debug_ranges  0x00000358       0x38 D:\GitHubRepository\work\workspace\Lib_MCU\Debug\libLib_MCU.a(uart.o)
 .debug_ranges  0x00000390       0x20 D:\GitHubRepository\work\workspace\Lib_CMSISv1p30_LPC11xx\Debug\libLib_CMSISv1p30_LPC11xx.a(system_LPC11xx.o)

.debug_macro    0x00000000     0x3c93
 .debug_macro   0x00000000      0x10b ./src/DemoLPCExpresso2016.o
 .debug_macro   0x0000010b      0x83e ./src/DemoLPCExpresso2016.o
 .debug_macro   0x00000949       0x10 ./src/DemoLPCExpresso2016.o
 .debug_macro   0x00000959      0x12d ./src/DemoLPCExpresso2016.o
 .debug_macro   0x00000a86      0x5b2 ./src/DemoLPCExpresso2016.o
 .debug_macro   0x00001038       0x16 ./src/DemoLPCExpresso2016.o
 .debug_macro   0x0000104e       0x22 ./src/DemoLPCExpresso2016.o
 .debug_macro   0x00001070       0x28 ./src/DemoLPCExpresso2016.o
 .debug_macro   0x00001098       0x1c ./src/DemoLPCExpresso2016.o
 .debug_macro   0x000010b4      0x398 ./src/DemoLPCExpresso2016.o
 .debug_macro   0x0000144c      0x115 ./src/DemoLPCExpresso2016.o
 .debug_macro   0x00001561       0x10 ./src/DemoLPCExpresso2016.o
 .debug_macro   0x00001571       0x10 ./src/DemoLPCExpresso2016.o
 .debug_macro   0x00001581       0x1c ./src/DemoLPCExpresso2016.o
 .debug_macro   0x0000159d       0xa6 ./src/DemoLPCExpresso2016.o
 .debug_macro   0x00001643       0xb8 ./src/DemoLPCExpresso2016.o
 .debug_macro   0x000016fb      0x130 ./src/DemoLPCExpresso2016.o
 .debug_macro   0x0000182b       0x46 ./src/DemoLPCExpresso2016.o
 .debug_macro   0x00001871       0x16 ./src/DemoLPCExpresso2016.o
 .debug_macro   0x00001887       0x22 ./src/DemoLPCExpresso2016.o
 .debug_macro   0x000018a9       0x1c ./src/DemoLPCExpresso2016.o
 .debug_macro   0x000018c5       0x76 ./src/DemoLPCExpresso2016.o
 .debug_macro   0x0000193b      0x10b ./src/DemoLPCExpresso2016_init.o
 .debug_macro   0x00001a46      0x10b ./src/Seven_Segment.o
 .debug_macro   0x00001b51      0x10b ./src/buzzer.o
 .debug_macro   0x00001c5c       0x52 ./src/cr_startup_lpc11.o
 .debug_macro   0x00001cae      0x10b ./src/display.o
 .debug_macro   0x00001db9      0x10b ./src/rgbLED.o
 .debug_macro   0x00001ec4      0x10b ./src/rotary_encoder.o
 .debug_macro   0x00001fcf       0x8d D:\GitHubRepository\work\workspace\Lib_EaBaseBoard\Debug\libLib_EaBaseBoard.a(joystick.o)
 .debug_macro   0x0000205c      0x838 D:\GitHubRepository\work\workspace\Lib_EaBaseBoard\Debug\libLib_EaBaseBoard.a(joystick.o)
 .debug_macro   0x00002894       0x22 D:\GitHubRepository\work\workspace\Lib_EaBaseBoard\Debug\libLib_EaBaseBoard.a(joystick.o)
 .debug_macro   0x000028b6      0x37a D:\GitHubRepository\work\workspace\Lib_EaBaseBoard\Debug\libLib_EaBaseBoard.a(joystick.o)
 .debug_macro   0x00002c30       0x1c D:\GitHubRepository\work\workspace\Lib_EaBaseBoard\Debug\libLib_EaBaseBoard.a(joystick.o)
 .debug_macro   0x00002c4c       0xa3 D:\GitHubRepository\work\workspace\Lib_EaBaseBoard\Debug\libLib_EaBaseBoard.a(led7seg.o)
 .debug_macro   0x00002cef       0xe1 D:\GitHubRepository\work\workspace\Lib_EaBaseBoard\Debug\libLib_EaBaseBoard.a(oled.o)
 .debug_macro   0x00002dd0       0x8d D:\GitHubRepository\work\workspace\Lib_EaBaseBoard\Debug\libLib_EaBaseBoard.a(rgb.o)
 .debug_macro   0x00002e5d       0xbd D:\GitHubRepository\work\workspace\Lib_EaBaseBoard\Debug\libLib_EaBaseBoard.a(rotary.o)
 .debug_macro   0x00002f1a       0x7b D:\GitHubRepository\work\workspace\Lib_MCU\Debug\libLib_MCU.a(adc.o)
 .debug_macro   0x00002f95      0x832 D:\GitHubRepository\work\workspace\Lib_MCU\Debug\libLib_MCU.a(adc.o)
 .debug_macro   0x000037c7       0x7b D:\GitHubRepository\work\workspace\Lib_MCU\Debug\libLib_MCU.a(gpio.o)
 .debug_macro   0x00003842       0x84 D:\GitHubRepository\work\workspace\Lib_MCU\Debug\libLib_MCU.a(i2c.o)
 .debug_macro   0x000038c6       0x84 D:\GitHubRepository\work\workspace\Lib_MCU\Debug\libLib_MCU.a(ssp.o)
 .debug_macro   0x0000394a       0x7b D:\GitHubRepository\work\workspace\Lib_MCU\Debug\libLib_MCU.a(timer32.o)
 .debug_macro   0x000039c5       0x7b D:\GitHubRepository\work\workspace\Lib_MCU\Debug\libLib_MCU.a(uart.o)
 .debug_macro   0x00003a40      0x122 D:\GitHubRepository\work\workspace\Lib_CMSISv1p30_LPC11xx\Debug\libLib_CMSISv1p30_LPC11xx.a(system_LPC11xx.o)
 .debug_macro   0x00003b62       0x1c D:\GitHubRepository\work\workspace\Lib_CMSISv1p30_LPC11xx\Debug\libLib_CMSISv1p30_LPC11xx.a(system_LPC11xx.o)
 .debug_macro   0x00003b7e      0x115 D:\GitHubRepository\work\workspace\Lib_CMSISv1p30_LPC11xx\Debug\libLib_CMSISv1p30_LPC11xx.a(system_LPC11xx.o)

.debug_line     0x00000000     0x36d5
 .debug_line    0x00000000      0x2c6 ./src/DemoLPCExpresso2016.o
 .debug_line    0x000002c6      0x2bb ./src/DemoLPCExpresso2016_init.o
 .debug_line    0x00000581      0x2a7 ./src/Seven_Segment.o
 .debug_line    0x00000828      0x2de ./src/buzzer.o
 .debug_line    0x00000b06      0x1fd ./src/cr_startup_lpc11.o
 .debug_line    0x00000d03      0x377 ./src/display.o
 .debug_line    0x0000107a      0x3ae ./src/rgbLED.o
 .debug_line    0x00001428      0x2b8 ./src/rotary_encoder.o
 .debug_line    0x000016e0      0x225 D:\GitHubRepository\work\workspace\Lib_EaBaseBoard\Debug\libLib_EaBaseBoard.a(joystick.o)
 .debug_line    0x00001905      0x22d D:\GitHubRepository\work\workspace\Lib_EaBaseBoard\Debug\libLib_EaBaseBoard.a(led7seg.o)
 .debug_line    0x00001b32      0x539 D:\GitHubRepository\work\workspace\Lib_EaBaseBoard\Debug\libLib_EaBaseBoard.a(oled.o)
 .debug_line    0x0000206b      0x21a D:\GitHubRepository\work\workspace\Lib_EaBaseBoard\Debug\libLib_EaBaseBoard.a(rgb.o)
 .debug_line    0x00002285      0x23a D:\GitHubRepository\work\workspace\Lib_EaBaseBoard\Debug\libLib_EaBaseBoard.a(rotary.o)
 .debug_line    0x000024bf      0x1f6 D:\GitHubRepository\work\workspace\Lib_MCU\Debug\libLib_MCU.a(adc.o)
 .debug_line    0x000026b5      0x38d D:\GitHubRepository\work\workspace\Lib_MCU\Debug\libLib_MCU.a(gpio.o)
 .debug_line    0x00002a42      0x2ae D:\GitHubRepository\work\workspace\Lib_MCU\Debug\libLib_MCU.a(i2c.o)
 .debug_line    0x00002cf0      0x28b D:\GitHubRepository\work\workspace\Lib_MCU\Debug\libLib_MCU.a(ssp.o)
 .debug_line    0x00002f7b      0x2b2 D:\GitHubRepository\work\workspace\Lib_MCU\Debug\libLib_MCU.a(timer32.o)
 .debug_line    0x0000322d      0x298 D:\GitHubRepository\work\workspace\Lib_MCU\Debug\libLib_MCU.a(uart.o)
 .debug_line    0x000034c5      0x210 D:\GitHubRepository\work\workspace\Lib_CMSISv1p30_LPC11xx\Debug\libLib_CMSISv1p30_LPC11xx.a(system_LPC11xx.o)

.debug_str      0x00000000     0x7ac8
 .debug_str     0x00000000     0x635b ./src/DemoLPCExpresso2016.o
                               0x63ea (size before relaxing)
 .debug_str     0x0000635b       0x4c ./src/DemoLPCExpresso2016_init.o
                               0x63f2 (size before relaxing)
 .debug_str     0x000063a7       0x36 ./src/Seven_Segment.o
                               0x63e4 (size before relaxing)
 .debug_str     0x000063dd      0x324 ./src/buzzer.o
                               0x66de (size before relaxing)
 .debug_str     0x00006701      0x104 ./src/cr_startup_lpc11.o
                               0x3bf7 (size before relaxing)
 .debug_str     0x00006805      0x29d ./src/display.o
                               0x68f2 (size before relaxing)
 .debug_str     0x00006aa2       0xe9 ./src/rgbLED.o
                               0x68e4 (size before relaxing)
 .debug_str     0x00006b8b       0x38 ./src/rotary_encoder.o
                               0x63e6 (size before relaxing)
 .debug_str     0x00006bc3       0x8d D:\GitHubRepository\work\workspace\Lib_EaBaseBoard\Debug\libLib_EaBaseBoard.a(joystick.o)
                               0x584f (size before relaxing)
 .debug_str     0x00006c50       0x91 D:\GitHubRepository\work\workspace\Lib_EaBaseBoard\Debug\libLib_EaBaseBoard.a(led7seg.o)
                               0x5bc6 (size before relaxing)
 .debug_str     0x00006ce1      0x323 D:\GitHubRepository\work\workspace\Lib_EaBaseBoard\Debug\libLib_EaBaseBoard.a(oled.o)
                               0x6116 (size before relaxing)
 .debug_str     0x00007004      0x1c6 D:\GitHubRepository\work\workspace\Lib_EaBaseBoard\Debug\libLib_EaBaseBoard.a(rgb.o)
                               0x59c2 (size before relaxing)
 .debug_str     0x000071ca       0x94 D:\GitHubRepository\work\workspace\Lib_EaBaseBoard\Debug\libLib_EaBaseBoard.a(rotary.o)
                               0x58b8 (size before relaxing)
 .debug_str     0x0000725e       0xa8 D:\GitHubRepository\work\workspace\Lib_MCU\Debug\libLib_MCU.a(adc.o)
                               0x5c44 (size before relaxing)
 .debug_str     0x00007306       0xa9 D:\GitHubRepository\work\workspace\Lib_MCU\Debug\libLib_MCU.a(gpio.o)
                               0x5c5a (size before relaxing)
 .debug_str     0x000073af      0x169 D:\GitHubRepository\work\workspace\Lib_MCU\Debug\libLib_MCU.a(i2c.o)
                               0x60e0 (size before relaxing)
 .debug_str     0x00007518       0x9c D:\GitHubRepository\work\workspace\Lib_MCU\Debug\libLib_MCU.a(ssp.o)
                               0x6132 (size before relaxing)
 .debug_str     0x000075b4       0x8b D:\GitHubRepository\work\workspace\Lib_MCU\Debug\libLib_MCU.a(timer32.o)
                               0x5dfe (size before relaxing)
 .debug_str     0x0000763f       0xc3 D:\GitHubRepository\work\workspace\Lib_MCU\Debug\libLib_MCU.a(uart.o)
                               0x5f4d (size before relaxing)
 .debug_str     0x00007702      0x3c6 D:\GitHubRepository\work\workspace\Lib_CMSISv1p30_LPC11xx\Debug\libLib_CMSISv1p30_LPC11xx.a(system_LPC11xx.o)
                               0x5cf1 (size before relaxing)

.comment        0x00000000       0x6e
 .comment       0x00000000       0x6e ./src/DemoLPCExpresso2016.o
                                 0x6f (size before relaxing)
 .comment       0x0000006e       0x6f ./src/DemoLPCExpresso2016_init.o
 .comment       0x0000006e       0x6f ./src/Seven_Segment.o
 .comment       0x0000006e       0x6f ./src/buzzer.o
 .comment       0x0000006e       0x6f ./src/cr_startup_lpc11.o
 .comment       0x0000006e       0x6f ./src/display.o
 .comment       0x0000006e       0x6f ./src/rgbLED.o
 .comment       0x0000006e       0x6f ./src/rotary_encoder.o
 .comment       0x0000006e       0x6f D:\GitHubRepository\work\workspace\Lib_EaBaseBoard\Debug\libLib_EaBaseBoard.a(joystick.o)
 .comment       0x0000006e       0x6f D:\GitHubRepository\work\workspace\Lib_EaBaseBoard\Debug\libLib_EaBaseBoard.a(led7seg.o)
 .comment       0x0000006e       0x6f D:\GitHubRepository\work\workspace\Lib_EaBaseBoard\Debug\libLib_EaBaseBoard.a(oled.o)
 .comment       0x0000006e       0x6f D:\GitHubRepository\work\workspace\Lib_EaBaseBoard\Debug\libLib_EaBaseBoard.a(rgb.o)
 .comment       0x0000006e       0x6f D:\GitHubRepository\work\workspace\Lib_EaBaseBoard\Debug\libLib_EaBaseBoard.a(rotary.o)
 .comment       0x0000006e       0x6f D:\GitHubRepository\work\workspace\Lib_MCU\Debug\libLib_MCU.a(adc.o)
 .comment       0x0000006e       0x6f D:\GitHubRepository\work\workspace\Lib_MCU\Debug\libLib_MCU.a(gpio.o)
 .comment       0x0000006e       0x6f D:\GitHubRepository\work\workspace\Lib_MCU\Debug\libLib_MCU.a(i2c.o)
 .comment       0x0000006e       0x6f D:\GitHubRepository\work\workspace\Lib_MCU\Debug\libLib_MCU.a(ssp.o)
 .comment       0x0000006e       0x6f D:\GitHubRepository\work\workspace\Lib_MCU\Debug\libLib_MCU.a(timer32.o)
 .comment       0x0000006e       0x6f D:\GitHubRepository\work\workspace\Lib_MCU\Debug\libLib_MCU.a(uart.o)
 .comment       0x0000006e       0x6f D:\GitHubRepository\work\workspace\Lib_CMSISv1p30_LPC11xx\Debug\libLib_CMSISv1p30_LPC11xx.a(system_LPC11xx.o)
 .comment       0x0000006e       0x6f c:/nxp/lpcxpresso_8.1.4_606/lpcxpresso/tools/bin/../lib/gcc/arm-none-eabi/5.2.1/../../../../arm-none-eabi/lib/armv6-m\libcr_semihost.a(_cr__main.o)
 .comment       0x0000006e       0x6f c:/nxp/lpcxpresso_8.1.4_606/lpcxpresso/tools/bin/../lib/gcc/arm-none-eabi/5.2.1/../../../../arm-none-eabi/lib/armv6-m\libcr_c.a(memset.o)
 .comment       0x0000006e       0x6f c:/nxp/lpcxpresso_8.1.4_606/lpcxpresso/tools/bin/../lib/gcc/arm-none-eabi/5.2.1/../../../../arm-none-eabi/lib/armv6-m\libcr_c.a(initio.o)
 .comment       0x0000006e       0x6f c:/nxp/lpcxpresso_8.1.4_606/lpcxpresso/tools/bin/../lib/gcc/arm-none-eabi/5.2.1/../../../../arm-none-eabi/lib/armv6-m\libcr_c.a(setvbuf.o)
 .comment       0x0000006e       0x6f c:/nxp/lpcxpresso_8.1.4_606/lpcxpresso/tools/bin/../lib/gcc/arm-none-eabi/5.2.1/../../../../arm-none-eabi/lib/armv6-m\libcr_c.a(stdio.o)
 .comment       0x0000006e       0x6f c:/nxp/lpcxpresso_8.1.4_606/lpcxpresso/tools/bin/../lib/gcc/arm-none-eabi/5.2.1/../../../../arm-none-eabi/lib/armv6-m\libcr_c.a(_deferredlazyseek.o)
 .comment       0x0000006e       0x6f c:/nxp/lpcxpresso_8.1.4_606/lpcxpresso/tools/bin/../lib/gcc/arm-none-eabi/5.2.1/../../../../arm-none-eabi/lib/armv6-m\libcr_c.a(_fdopen.o)
 .comment       0x0000006e       0x6f c:/nxp/lpcxpresso_8.1.4_606/lpcxpresso/tools/bin/../lib/gcc/arm-none-eabi/5.2.1/../../../../arm-none-eabi/lib/armv6-m\libcr_c.a(_fflush.o)
 .comment       0x0000006e       0x6f c:/nxp/lpcxpresso_8.1.4_606/lpcxpresso/tools/bin/../lib/gcc/arm-none-eabi/5.2.1/../../../../arm-none-eabi/lib/armv6-m\libcr_c.a(_writebuf.o)
 .comment       0x0000006e       0x6f c:/nxp/lpcxpresso_8.1.4_606/lpcxpresso/tools/bin/../lib/gcc/arm-none-eabi/5.2.1/../../../../arm-none-eabi/lib/armv6-m\libcr_c.a(alloc.o)
 .comment       0x0000006e       0x6f c:/nxp/lpcxpresso_8.1.4_606/lpcxpresso/tools/bin/../lib/gcc/arm-none-eabi/5.2.1/../../../../arm-none-eabi/lib/armv6-m\libcr_c.a(fclose.o)
 .comment       0x0000006e       0x6f c:/nxp/lpcxpresso_8.1.4_606/lpcxpresso/tools/bin/../lib/gcc/arm-none-eabi/5.2.1/../../../../arm-none-eabi/lib/armv6-m\libcr_c.a(fflush.o)
 .comment       0x0000006e       0x6f c:/nxp/lpcxpresso_8.1.4_606/lpcxpresso/tools/bin/../lib/gcc/arm-none-eabi/5.2.1/../../../../arm-none-eabi/lib/armv6-m\libcr_c.a(fseek.o)
 .comment       0x0000006e       0x6f c:/nxp/lpcxpresso_8.1.4_606/lpcxpresso/tools/bin/../lib/gcc/arm-none-eabi/5.2.1/../../../../arm-none-eabi/lib/armv6-m\libcr_c.a(ftell.o)
 .comment       0x0000006e       0x6f c:/nxp/lpcxpresso_8.1.4_606/lpcxpresso/tools/bin/../lib/gcc/arm-none-eabi/5.2.1/../../../../arm-none-eabi/lib/armv6-m\libcr_c.a(remove.o)
 .comment       0x0000006e       0x6f c:/nxp/lpcxpresso_8.1.4_606/lpcxpresso/tools/bin/../lib/gcc/arm-none-eabi/5.2.1/../../../../arm-none-eabi/lib/armv6-m\libcr_c.a(strlen.o)
 .comment       0x0000006e       0x6f c:/nxp/lpcxpresso_8.1.4_606/lpcxpresso/tools/bin/../lib/gcc/arm-none-eabi/5.2.1/../../../../arm-none-eabi/lib/armv6-m\libcr_c.a(__init_alloc.o)
 .comment       0x0000006e       0x6f c:/nxp/lpcxpresso_8.1.4_606/lpcxpresso/tools/bin/../lib/gcc/arm-none-eabi/5.2.1/../../../../arm-none-eabi/lib/armv6-m\libcr_c.a(_cr_sbrk.o)
 .comment       0x0000006e       0x6f c:/nxp/lpcxpresso_8.1.4_606/lpcxpresso/tools/bin/../lib/gcc/arm-none-eabi/5.2.1/../../../../arm-none-eabi/lib/armv6-m\libcr_c.a(_do_fflush.o)
 .comment       0x0000006e       0x6f c:/nxp/lpcxpresso_8.1.4_606/lpcxpresso/tools/bin/../lib/gcc/arm-none-eabi/5.2.1/../../../../arm-none-eabi/lib/armv6-m\libcr_c.a(errno.o)
 .comment       0x0000006e       0x6f c:/nxp/lpcxpresso_8.1.4_606/lpcxpresso/tools/bin/../lib/gcc/arm-none-eabi/5.2.1/../../../../arm-none-eabi/lib/armv6-m\libcr_c.a(_cr_check_heap.o)

.ARM.attributes
                0x00000000       0x2f
 .ARM.attributes
                0x00000000       0x31 ./src/DemoLPCExpresso2016.o
 .ARM.attributes
                0x00000031       0x31 ./src/DemoLPCExpresso2016_init.o
 .ARM.attributes
                0x00000062       0x31 ./src/Seven_Segment.o
 .ARM.attributes
                0x00000093       0x31 ./src/buzzer.o
 .ARM.attributes
                0x000000c4       0x31 ./src/cr_startup_lpc11.o
 .ARM.attributes
                0x000000f5       0x31 ./src/display.o
 .ARM.attributes
                0x00000126       0x31 ./src/rgbLED.o
 .ARM.attributes
                0x00000157       0x31 ./src/rotary_encoder.o
 .ARM.attributes
                0x00000188       0x31 D:\GitHubRepository\work\workspace\Lib_EaBaseBoard\Debug\libLib_EaBaseBoard.a(joystick.o)
 .ARM.attributes
                0x000001b9       0x31 D:\GitHubRepository\work\workspace\Lib_EaBaseBoard\Debug\libLib_EaBaseBoard.a(led7seg.o)
 .ARM.attributes
                0x000001ea       0x31 D:\GitHubRepository\work\workspace\Lib_EaBaseBoard\Debug\libLib_EaBaseBoard.a(oled.o)
 .ARM.attributes
                0x0000021b       0x31 D:\GitHubRepository\work\workspace\Lib_EaBaseBoard\Debug\libLib_EaBaseBoard.a(rgb.o)
 .ARM.attributes
                0x0000024c       0x31 D:\GitHubRepository\work\workspace\Lib_EaBaseBoard\Debug\libLib_EaBaseBoard.a(rotary.o)
 .ARM.attributes
                0x0000027d       0x31 D:\GitHubRepository\work\workspace\Lib_MCU\Debug\libLib_MCU.a(adc.o)
 .ARM.attributes
                0x000002ae       0x31 D:\GitHubRepository\work\workspace\Lib_MCU\Debug\libLib_MCU.a(gpio.o)
 .ARM.attributes
                0x000002df       0x31 D:\GitHubRepository\work\workspace\Lib_MCU\Debug\libLib_MCU.a(i2c.o)
 .ARM.attributes
                0x00000310       0x31 D:\GitHubRepository\work\workspace\Lib_MCU\Debug\libLib_MCU.a(ssp.o)
 .ARM.attributes
                0x00000341       0x31 D:\GitHubRepository\work\workspace\Lib_MCU\Debug\libLib_MCU.a(timer32.o)
 .ARM.attributes
                0x00000372       0x31 D:\GitHubRepository\work\workspace\Lib_MCU\Debug\libLib_MCU.a(uart.o)
 .ARM.attributes
                0x000003a3       0x31 D:\GitHubRepository\work\workspace\Lib_CMSISv1p30_LPC11xx\Debug\libLib_CMSISv1p30_LPC11xx.a(system_LPC11xx.o)
 .ARM.attributes
                0x000003d4       0x31 c:/nxp/lpcxpresso_8.1.4_606/lpcxpresso/tools/bin/../lib/gcc/arm-none-eabi/5.2.1/../../../../arm-none-eabi/lib/armv6-m\libcr_semihost.a(_cr__main.o)
 .ARM.attributes
                0x00000405       0x31 c:/nxp/lpcxpresso_8.1.4_606/lpcxpresso/tools/bin/../lib/gcc/arm-none-eabi/5.2.1/../../../../arm-none-eabi/lib/armv6-m\libcr_c.a(memset.o)
 .ARM.attributes
                0x00000436       0x31 c:/nxp/lpcxpresso_8.1.4_606/lpcxpresso/tools/bin/../lib/gcc/arm-none-eabi/5.2.1/../../../../arm-none-eabi/lib/armv6-m\libcr_c.a(initio.o)
 .ARM.attributes
                0x00000467       0x31 c:/nxp/lpcxpresso_8.1.4_606/lpcxpresso/tools/bin/../lib/gcc/arm-none-eabi/5.2.1/../../../../arm-none-eabi/lib/armv6-m\libcr_c.a(setvbuf.o)
 .ARM.attributes
                0x00000498       0x31 c:/nxp/lpcxpresso_8.1.4_606/lpcxpresso/tools/bin/../lib/gcc/arm-none-eabi/5.2.1/../../../../arm-none-eabi/lib/armv6-m\libcr_c.a(stdio.o)
 .ARM.attributes
                0x000004c9       0x31 c:/nxp/lpcxpresso_8.1.4_606/lpcxpresso/tools/bin/../lib/gcc/arm-none-eabi/5.2.1/../../../../arm-none-eabi/lib/armv6-m\libcr_c.a(_deferredlazyseek.o)
 .ARM.attributes
                0x000004fa       0x31 c:/nxp/lpcxpresso_8.1.4_606/lpcxpresso/tools/bin/../lib/gcc/arm-none-eabi/5.2.1/../../../../arm-none-eabi/lib/armv6-m\libcr_c.a(_fdopen.o)
 .ARM.attributes
                0x0000052b       0x31 c:/nxp/lpcxpresso_8.1.4_606/lpcxpresso/tools/bin/../lib/gcc/arm-none-eabi/5.2.1/../../../../arm-none-eabi/lib/armv6-m\libcr_c.a(_fflush.o)
 .ARM.attributes
                0x0000055c       0x31 c:/nxp/lpcxpresso_8.1.4_606/lpcxpresso/tools/bin/../lib/gcc/arm-none-eabi/5.2.1/../../../../arm-none-eabi/lib/armv6-m\libcr_c.a(_writebuf.o)
 .ARM.attributes
                0x0000058d       0x31 c:/nxp/lpcxpresso_8.1.4_606/lpcxpresso/tools/bin/../lib/gcc/arm-none-eabi/5.2.1/../../../../arm-none-eabi/lib/armv6-m\libcr_c.a(alloc.o)
 .ARM.attributes
                0x000005be       0x31 c:/nxp/lpcxpresso_8.1.4_606/lpcxpresso/tools/bin/../lib/gcc/arm-none-eabi/5.2.1/../../../../arm-none-eabi/lib/armv6-m\libcr_c.a(fclose.o)
 .ARM.attributes
                0x000005ef       0x31 c:/nxp/lpcxpresso_8.1.4_606/lpcxpresso/tools/bin/../lib/gcc/arm-none-eabi/5.2.1/../../../../arm-none-eabi/lib/armv6-m\libcr_c.a(fflush.o)
 .ARM.attributes
                0x00000620       0x31 c:/nxp/lpcxpresso_8.1.4_606/lpcxpresso/tools/bin/../lib/gcc/arm-none-eabi/5.2.1/../../../../arm-none-eabi/lib/armv6-m\libcr_c.a(fseek.o)
 .ARM.attributes
                0x00000651       0x31 c:/nxp/lpcxpresso_8.1.4_606/lpcxpresso/tools/bin/../lib/gcc/arm-none-eabi/5.2.1/../../../../arm-none-eabi/lib/armv6-m\libcr_c.a(ftell.o)
 .ARM.attributes
                0x00000682       0x31 c:/nxp/lpcxpresso_8.1.4_606/lpcxpresso/tools/bin/../lib/gcc/arm-none-eabi/5.2.1/../../../../arm-none-eabi/lib/armv6-m\libcr_c.a(remove.o)
 .ARM.attributes
                0x000006b3       0x31 c:/nxp/lpcxpresso_8.1.4_606/lpcxpresso/tools/bin/../lib/gcc/arm-none-eabi/5.2.1/../../../../arm-none-eabi/lib/armv6-m\libcr_c.a(strlen.o)
 .ARM.attributes
                0x000006e4       0x31 c:/nxp/lpcxpresso_8.1.4_606/lpcxpresso/tools/bin/../lib/gcc/arm-none-eabi/5.2.1/../../../../arm-none-eabi/lib/armv6-m\libcr_c.a(__init_alloc.o)
 .ARM.attributes
                0x00000715       0x31 c:/nxp/lpcxpresso_8.1.4_606/lpcxpresso/tools/bin/../lib/gcc/arm-none-eabi/5.2.1/../../../../arm-none-eabi/lib/armv6-m\libcr_c.a(_cr_sbrk.o)
 .ARM.attributes
                0x00000746       0x31 c:/nxp/lpcxpresso_8.1.4_606/lpcxpresso/tools/bin/../lib/gcc/arm-none-eabi/5.2.1/../../../../arm-none-eabi/lib/armv6-m\libcr_c.a(_do_fflush.o)
 .ARM.attributes
                0x00000777       0x31 c:/nxp/lpcxpresso_8.1.4_606/lpcxpresso/tools/bin/../lib/gcc/arm-none-eabi/5.2.1/../../../../arm-none-eabi/lib/armv6-m\libcr_c.a(errno.o)
 .ARM.attributes
                0x000007a8       0x31 c:/nxp/lpcxpresso_8.1.4_606/lpcxpresso/tools/bin/../lib/gcc/arm-none-eabi/5.2.1/../../../../arm-none-eabi/lib/armv6-m\libcr_c.a(_cr_check_heap.o)
 .ARM.attributes
                0x000007d9       0x21 c:/nxp/lpcxpresso_8.1.4_606/lpcxpresso/tools/bin/../lib/gcc/arm-none-eabi/5.2.1/armv6-m\libcr_eabihelpers.a(division_32.o)
 .ARM.attributes
                0x000007fa       0x21 c:/nxp/lpcxpresso_8.1.4_606/lpcxpresso/tools/bin/../lib/gcc/arm-none-eabi/5.2.1/armv6-m\libcr_eabihelpers.a(division_idiv0.o)
 .ARM.attributes
                0x0000081b       0x21 c:/nxp/lpcxpresso_8.1.4_606/lpcxpresso/tools/bin/../lib/gcc/arm-none-eabi/5.2.1/armv6-m\libcr_eabihelpers.a(memcpy.o)
 .ARM.attributes
                0x0000083c       0x21 c:/nxp/lpcxpresso_8.1.4_606/lpcxpresso/tools/bin/../lib/gcc/arm-none-eabi/5.2.1/../../../../arm-none-eabi/lib/armv6-m\libcr_semihost.a(__sys_appexit.o)
 .ARM.attributes
                0x0000085d       0x21 c:/nxp/lpcxpresso_8.1.4_606/lpcxpresso/tools/bin/../lib/gcc/arm-none-eabi/5.2.1/../../../../arm-none-eabi/lib/armv6-m\libcr_semihost.a(__sys_close.o)
 .ARM.attributes
                0x0000087e       0x21 c:/nxp/lpcxpresso_8.1.4_606/lpcxpresso/tools/bin/../lib/gcc/arm-none-eabi/5.2.1/../../../../arm-none-eabi/lib/armv6-m\libcr_semihost.a(__sys_flen.o)
 .ARM.attributes
                0x0000089f       0x21 c:/nxp/lpcxpresso_8.1.4_606/lpcxpresso/tools/bin/../lib/gcc/arm-none-eabi/5.2.1/../../../../arm-none-eabi/lib/armv6-m\libcr_semihost.a(__sys_istty.o)
 .ARM.attributes
                0x000008c0       0x21 c:/nxp/lpcxpresso_8.1.4_606/lpcxpresso/tools/bin/../lib/gcc/arm-none-eabi/5.2.1/../../../../arm-none-eabi/lib/armv6-m\libcr_semihost.a(__sys_remove.o)
 .ARM.attributes
                0x000008e1       0x21 c:/nxp/lpcxpresso_8.1.4_606/lpcxpresso/tools/bin/../lib/gcc/arm-none-eabi/5.2.1/../../../../arm-none-eabi/lib/armv6-m\libcr_semihost.a(__sys_seek.o)
 .ARM.attributes
                0x00000902       0x21 c:/nxp/lpcxpresso_8.1.4_606/lpcxpresso/tools/bin/../lib/gcc/arm-none-eabi/5.2.1/../../../../arm-none-eabi/lib/armv6-m\libcr_semihost.a(__sys_tmpnam.o)
 .ARM.attributes
                0x00000923       0x21 c:/nxp/lpcxpresso_8.1.4_606/lpcxpresso/tools/bin/../lib/gcc/arm-none-eabi/5.2.1/../../../../arm-none-eabi/lib/armv6-m\libcr_semihost.a(__sys_write.o)

.debug_frame    0x00000000      0xd3c
 .debug_frame   0x00000000       0x2c ./src/DemoLPCExpresso2016.o
 .debug_frame   0x0000002c       0x2c ./src/DemoLPCExpresso2016_init.o
 .debug_frame   0x00000058       0x30 ./src/Seven_Segment.o
 .debug_frame   0x00000088       0x70 ./src/buzzer.o
 .debug_frame   0x000000f8       0xd8 ./src/cr_startup_lpc11.o
 .debug_frame   0x000001d0       0xf0 ./src/display.o
 .debug_frame   0x000002c0      0x180 ./src/rgbLED.o
 .debug_frame   0x00000440       0x2c ./src/rotary_encoder.o
 .debug_frame   0x0000046c       0x4c D:\GitHubRepository\work\workspace\Lib_EaBaseBoard\Debug\libLib_EaBaseBoard.a(joystick.o)
 .debug_frame   0x000004b8       0x4c D:\GitHubRepository\work\workspace\Lib_EaBaseBoard\Debug\libLib_EaBaseBoard.a(led7seg.o)
 .debug_frame   0x00000504      0x208 D:\GitHubRepository\work\workspace\Lib_EaBaseBoard\Debug\libLib_EaBaseBoard.a(oled.o)
 .debug_frame   0x0000070c       0x4c D:\GitHubRepository\work\workspace\Lib_EaBaseBoard\Debug\libLib_EaBaseBoard.a(rgb.o)
 .debug_frame   0x00000758       0x4c D:\GitHubRepository\work\workspace\Lib_EaBaseBoard\Debug\libLib_EaBaseBoard.a(rotary.o)
 .debug_frame   0x000007a4       0x6c D:\GitHubRepository\work\workspace\Lib_MCU\Debug\libLib_MCU.a(adc.o)
 .debug_frame   0x00000810      0x14c D:\GitHubRepository\work\workspace\Lib_MCU\Debug\libLib_MCU.a(gpio.o)
 .debug_frame   0x0000095c      0x108 D:\GitHubRepository\work\workspace\Lib_MCU\Debug\libLib_MCU.a(i2c.o)
 .debug_frame   0x00000a64       0xb0 D:\GitHubRepository\work\workspace\Lib_MCU\Debug\libLib_MCU.a(ssp.o)
 .debug_frame   0x00000b14       0xf0 D:\GitHubRepository\work\workspace\Lib_MCU\Debug\libLib_MCU.a(timer32.o)
 .debug_frame   0x00000c04       0xcc D:\GitHubRepository\work\workspace\Lib_MCU\Debug\libLib_MCU.a(uart.o)
 .debug_frame   0x00000cd0       0x6c D:\GitHubRepository\work\workspace\Lib_CMSISv1p30_LPC11xx\Debug\libLib_CMSISv1p30_LPC11xx.a(system_LPC11xx.o)
