Archive member included to satisfy reference by file (symbol)

C:\Users\tudor.bradescu\Desktop\workspace3\Lib_EaBaseBoard\Debug\libLib_EaBaseBoard.a(joystick.o)
                              ./src/DemoLPCExpresso2016_init.o (joystick_init)
C:\Users\tudor.bradescu\Desktop\workspace3\Lib_EaBaseBoard\Debug\libLib_EaBaseBoard.a(led7seg.o)
                              ./src/DemoLPCExpresso2016_init.o (led7seg_init)
C:\Users\tudor.bradescu\Desktop\workspace3\Lib_EaBaseBoard\Debug\libLib_EaBaseBoard.a(oled.o)
                              ./src/DemoLPCExpresso2016.o (oled_init)
C:\Users\tudor.bradescu\Desktop\workspace3\Lib_EaBaseBoard\Debug\libLib_EaBaseBoard.a(rgb.o)
                              ./src/DemoLPCExpresso2016_init.o (rgb_init)
C:\Users\tudor.bradescu\Desktop\workspace3\Lib_EaBaseBoard\Debug\libLib_EaBaseBoard.a(rotary.o)
                              ./src/DemoLPCExpresso2016_init.o (rotary_init)
C:\Users\tudor.bradescu\Desktop\workspace3\Lib_EaBaseBoard\Debug\libLib_EaBaseBoard.a(temp.o)
                              ./src/display.o (temp_init)
C:\Users\tudor.bradescu\Desktop\workspace3\Lib_EaBaseBoard\Debug\libLib_EaBaseBoard.a(font5x7.o)
                              C:\Users\tudor.bradescu\Desktop\workspace3\Lib_EaBaseBoard\Debug\libLib_EaBaseBoard.a(oled.o) (font5x7)
C:\Users\tudor.bradescu\Desktop\workspace3\Lib_MCU\Debug\libLib_MCU.a(adc.o)
                              ./src/DemoLPCExpresso2016_init.o (ADCInit)
C:\Users\tudor.bradescu\Desktop\workspace3\Lib_MCU\Debug\libLib_MCU.a(gpio.o)
                              ./src/DemoLPCExpresso2016_init.o (GPIOInit)
C:\Users\tudor.bradescu\Desktop\workspace3\Lib_MCU\Debug\libLib_MCU.a(i2c.o)
                              ./src/DemoLPCExpresso2016_init.o (I2CInit)
C:\Users\tudor.bradescu\Desktop\workspace3\Lib_MCU\Debug\libLib_MCU.a(ssp.o)
                              ./src/DemoLPCExpresso2016_init.o (SSPInit)
C:\Users\tudor.bradescu\Desktop\workspace3\Lib_MCU\Debug\libLib_MCU.a(timer32.o)
                              ./src/Joystick_Buzzer_Interface.o (delay32Ms)
C:\Users\tudor.bradescu\Desktop\workspace3\Lib_MCU\Debug\libLib_MCU.a(uart.o)
                              ./src/DemoLPCExpresso2016_init.o (UARTInit)
C:\Users\tudor.bradescu\Desktop\workspace3\Lib_CMSISv1p30_LPC11xx\Debug\libLib_CMSISv1p30_LPC11xx.a(system_LPC11xx.o)
                              ./src/DemoLPCExpresso2016_init.o (SystemCoreClock)
c:/nxp/lpcxpresso_8.1.4_606/lpcxpresso/tools/bin/../lib/gcc/arm-none-eabi/5.2.1/../../../../arm-none-eabi/lib/armv6-m\libcr_semihost.a(_cr__main.o)
                              ./src/cr_startup_lpc11.o (__main)
c:/nxp/lpcxpresso_8.1.4_606/lpcxpresso/tools/bin/../lib/gcc/arm-none-eabi/5.2.1/../../../../arm-none-eabi/lib/armv6-m\libcr_c.a(memset.o)
                              C:\Users\tudor.bradescu\Desktop\workspace3\Lib_EaBaseBoard\Debug\libLib_EaBaseBoard.a(oled.o) (memset)
c:/nxp/lpcxpresso_8.1.4_606/lpcxpresso/tools/bin/../lib/gcc/arm-none-eabi/5.2.1/../../../../arm-none-eabi/lib/armv6-m\libcr_c.a(initio.o)
                              c:/nxp/lpcxpresso_8.1.4_606/lpcxpresso/tools/bin/../lib/gcc/arm-none-eabi/5.2.1/../../../../arm-none-eabi/lib/armv6-m\libcr_semihost.a(_cr__main.o) (_initio)
c:/nxp/lpcxpresso_8.1.4_606/lpcxpresso/tools/bin/../lib/gcc/arm-none-eabi/5.2.1/../../../../arm-none-eabi/lib/armv6-m\libcr_c.a(setvbuf.o)
                              c:/nxp/lpcxpresso_8.1.4_606/lpcxpresso/tools/bin/../lib/gcc/arm-none-eabi/5.2.1/../../../../arm-none-eabi/lib/armv6-m\libcr_c.a(initio.o) (setvbuf)
c:/nxp/lpcxpresso_8.1.4_606/lpcxpresso/tools/bin/../lib/gcc/arm-none-eabi/5.2.1/../../../../arm-none-eabi/lib/armv6-m\libcr_c.a(stdio.o)
                              c:/nxp/lpcxpresso_8.1.4_606/lpcxpresso/tools/bin/../lib/gcc/arm-none-eabi/5.2.1/../../../../arm-none-eabi/lib/armv6-m\libcr_c.a(initio.o) (__Ciob)
c:/nxp/lpcxpresso_8.1.4_606/lpcxpresso/tools/bin/../lib/gcc/arm-none-eabi/5.2.1/../../../../arm-none-eabi/lib/armv6-m\libcr_c.a(__fillbuf.o)
                              c:/nxp/lpcxpresso_8.1.4_606/lpcxpresso/tools/bin/../lib/gcc/arm-none-eabi/5.2.1/../../../../arm-none-eabi/lib/armv6-m\libcr_c.a(stdio.o) (__filbuf)
c:/nxp/lpcxpresso_8.1.4_606/lpcxpresso/tools/bin/../lib/gcc/arm-none-eabi/5.2.1/../../../../arm-none-eabi/lib/armv6-m\libcr_c.a(_deferredlazyseek.o)
                              c:/nxp/lpcxpresso_8.1.4_606/lpcxpresso/tools/bin/../lib/gcc/arm-none-eabi/5.2.1/../../../../arm-none-eabi/lib/armv6-m\libcr_c.a(__fillbuf.o) (_deferredlazyseek)
c:/nxp/lpcxpresso_8.1.4_606/lpcxpresso/tools/bin/../lib/gcc/arm-none-eabi/5.2.1/../../../../arm-none-eabi/lib/armv6-m\libcr_c.a(_fdopen.o)
                              c:/nxp/lpcxpresso_8.1.4_606/lpcxpresso/tools/bin/../lib/gcc/arm-none-eabi/5.2.1/../../../../arm-none-eabi/lib/armv6-m\libcr_c.a(initio.o) (_fdopen)
c:/nxp/lpcxpresso_8.1.4_606/lpcxpresso/tools/bin/../lib/gcc/arm-none-eabi/5.2.1/../../../../arm-none-eabi/lib/armv6-m\libcr_c.a(_fflush.o)
[...]
Memory Configuration

Name             Origin             Length             Attributes
MFlash64         0x00000000         0x00010000         xr
RamLoc8          0x10000000         0x00002000         xrw
*default*        0x00000000         0xffffffff

Linker script and memory map

LOAD ./src/DemoLPCExpresso2016.o
LOAD ./src/DemoLPCExpresso2016_init.o
LOAD ./src/Joystick_Buzzer_Interface.o
LOAD ./src/Seven_Segment.o
LOAD ./src/buzzer.o
LOAD ./src/cr_startup_lpc11.o
LOAD ./src/display.o
LOAD ./src/joystickPosition.o
LOAD ./src/push_button.o
LOAD ./src/rgbLED.o
LOAD ./src/rotary_encoder.o
LOAD ./src/temperature.o
LOAD C:\Users\tudor.bradescu\Desktop\workspace3\Lib_EaBaseBoard\Debug\libLib_EaBaseBoard.a
LOAD C:\Users\tudor.bradescu\Desktop\workspace3\Lib_MCU\Debug\libLib_MCU.a
LOAD C:\Users\tudor.bradescu\Desktop\workspace3\Lib_CMSISv1p30_LPC11xx\Debug\libLib_CMSISv1p30_LPC11xx.a
START GROUP
LOAD c:/nxp/lpcxpresso_8.1.4_606/lpcxpresso/tools/bin/../lib/gcc/arm-none-eabi/5.2.1/../../../../arm-none-eabi/lib/armv6-m\libcr_semihost.a
LOAD c:/nxp/lpcxpresso_8.1.4_606/lpcxpresso/tools/bin/../lib/gcc/arm-none-eabi/5.2.1/../../../../arm-none-eabi/lib/armv6-m\libcr_c.a
LOAD c:/nxp/lpcxpresso_8.1.4_606/lpcxpresso/tools/bin/../lib/gcc/arm-none-eabi/5.2.1/armv6-m\libcr_eabihelpers.a
END GROUP
                0x00000000                __base_MFlash64 = 0x0
                0x00000000                __base_Flash = 0x0
                0x00010000                __top_MFlash64 = 0x10000
                0x00010000                __top_Flash = 0x10000
                0x10000000                __base_RamLoc8 = 0x10000000
                0x10000000                __base_RAM = 0x10000000
                0x10002000                __top_RamLoc8 = 0x10002000
                0x10002000                __top_RAM = 0x10002000

.text           0x00000000     0x32f8
 FILL mask 0xff
                0x00000000                __vectors_start__ = ABSOLUTE (.)
 *(.isr_vector)
 .isr_vector    0x00000000       0xc0 ./src/cr_startup_lpc11.o
                0x00000000                g_pfnVectors
                0x000000c0                . = ALIGN (0x4)
                0x000000c0                __section_table_start = .
                0x000000c0                __data_section_table = .
                0x000000c0        0x4 LONG 0x32f8 LOADADDR (.data)
                0x000000c4        0x4 LONG 0x10000000 ADDR (.data)
                0x000000c8        0x4 LONG 0xd0 SIZEOF (.data)
                0x000000cc                __data_section_table_end = .
                0x000000cc                __bss_section_table = .
                0x000000cc        0x4 LONG 0x100000d0 ADDR (.bss)
                0x000000d0        0x4 LONG 0x49c SIZEOF (.bss)
                0x000000d4                __bss_section_table_end = .
                0x000000d4                __section_table_end = .
 *(.after_vectors*)
 *(.text*)
 .text.main     0x000000d4       0xd8 ./src/DemoLPCExpresso2016.o
                0x000000d4                main
 .text.NVIC_SetPriority
                0x000001ac       0xdc ./src/DemoLPCExpresso2016_init.o
 .text.SysTick_Config
                0x00000288       0x4c ./src/DemoLPCExpresso2016_init.o
 .text.DemoLPCExpresso2016_init
                0x000002d4       0x8c ./src/DemoLPCExpresso2016_init.o
                0x000002d4                DemoLPCExpresso2016_init
 .text.init_buzzer
                0x00000360       0xac ./src/Joystick_Buzzer_Interface.o
                0x00000360                init_buzzer
 .text.joystick_buzzer
                0x0000040c      0x134 ./src/Joystick_Buzzer_Interface.o
                0x0000040c                joystick_buzzer
 .text.ledSet   0x00000540       0x40 ./src/Seven_Segment.o
                0x00000540                ledSet
 .text.Chip_TIMER_Enable
                0x00000580       0x1c ./src/buzzer.o
 .text.Chip_TIMER_Disable
                0x0000059c       0x20 ./src/buzzer.o
 .text.setNote  0x000005bc       0x30 ./src/buzzer.o
                0x000005bc                setNote
 .text.setIntensity
                0x000005ec       0x40 ./src/buzzer.o
                0x000005ec                setIntensity
 .text.startMusic
                0x0000062c       0x18 ./src/buzzer.o
                0x0000062c                startMusic
 .text.stopMusic
                0x00000644       0x18 ./src/buzzer.o
                0x00000644                stopMusic
 .text.ResetISR
                0x0000065c       0x60 ./src/cr_startup_lpc11.o
                0x0000065c                ResetISR
 .text.NMI_Handler
                0x000006bc        0x8 ./src/cr_startup_lpc11.o
                0x000006bc                NMI_Handler
 .text.HardFault_Handler
                0x000006c4        0x8 ./src/cr_startup_lpc11.o
                0x000006c4                HardFault_Handler
 .text.SVCall_Handler
                0x000006cc        0x8 ./src/cr_startup_lpc11.o
                0x000006cc                SVCall_Handler
 .text.PendSV_Handler
                0x000006d4        0x8 ./src/cr_startup_lpc11.o
                0x000006d4                PendSV_Handler
 .text.IntDefaultHandler
                0x000006dc        0x8 ./src/cr_startup_lpc11.o
                0x000006dc                UART_IRQHandler
                0x000006dc                TIMER32_0_IRQHandler
                0x000006dc                TIMER32_1_IRQHandler
                0x000006dc                IntDefaultHandler
                0x000006dc                PIOINT1_IRQHandler
                0x000006dc                CAN_IRQHandler
                0x000006dc                SSP0_IRQHandler
                0x000006dc                TIMER16_1_IRQHandler
                0x000006dc                ADC_IRQHandler
                0x000006dc                SSP1_IRQHandler
                0x000006dc                PIOINT2_IRQHandler
                0x000006dc                BOD_IRQHandler
                0x000006dc                WAKEUP_IRQHandler
                0x000006dc                PIOINT0_IRQHandler
                0x000006dc                WDT_IRQHandler
                0x000006dc                PIOINT3_IRQHandler
 .text.intToString
                0x000006e4       0xcc ./src/display.o
 .text.SysTick_Handler
                0x000007b0       0x18 ./src/display.o
                0x000007b0                SysTick_Handler
 .text.getTicks
                0x000007c8       0x14 ./src/display.o
 .text.init_display
                0x000007dc       0x18 ./src/display.o
                0x000007dc                init_display
 .text.temp_display
                0x000007f4       0x40 ./src/display.o
                0x000007f4                temp_display
 .text.joystickPosition
                0x00000834       0x58 ./src/joystickPosition.o
                0x00000834                joystickPosition
 .text.read_button_status
                0x0000088c       0x48 ./src/push_button.o
                0x0000088c                read_button_status
 .text.NVIC_EnableIRQ
                0x000008d4       0x2c ./src/rgbLED.o
 .text.Chip_TIMER_MatchPending
                0x00000900       0x34 ./src/rgbLED.o
 .text.Chip_TIMER_ClearMatch
                0x00000934       0x28 ./src/rgbLED.o
 .text.Chip_TIMER_Enable
                0x0000095c       0x1c ./src/rgbLED.o
 .text.Chip_TIMER_Disable
                0x00000978       0x20 ./src/rgbLED.o
 .text.Chip_TIMER_Reset
                0x00000998       0x38 ./src/rgbLED.o
                0x00000998                Chip_TIMER_Reset
 .text.setTimer16
                0x000009d0       0x74 ./src/rgbLED.o
                0x000009d0                setTimer16
 .text.init_rgbLED
                0x00000a44       0x3c ./src/rgbLED.o
                0x00000a44                init_rgbLED
 .text.TIMER16_0_IRQHandler
                0x00000a80       0xac ./src/rgbLED.o
                0x00000a80                TIMER16_0_IRQHandler
 .text.setColor_rgb
                0x00000b2c       0x54 ./src/rgbLED.o
                0x00000b2c                setColor_rgb
 .text.rgbRainbow
                0x00000b80       0x60 ./src/rgbLED.o
                0x00000b80                rgbRainbow
 .text.rgb_stop
                0x00000be0       0x34 ./src/rgbLED.o
                0x00000be0                rgb_stop
 .text.rotary_encoder
                0x00000c14       0x64 ./src/rotary_encoder.o
                0x00000c14                rotary_encoder
 .text.temp_conversion
                0x00000c78       0xdc ./src/temperature.o
                0x00000c78                temp_conversion
 .text.joystick_init
                0x00000d54       0x3c C:\Users\tudor.bradescu\Desktop\workspace3\Lib_EaBaseBoard\Debug\libLib_EaBaseBoard.a(joystick.o)
                0x00000d54                joystick_init
 .text.joystick_read
                0x00000d90       0x90 C:\Users\tudor.bradescu\Desktop\workspace3\Lib_EaBaseBoard\Debug\libLib_EaBaseBoard.a(joystick.o)
                0x00000d90                joystick_read
 .text.led7seg_init
                0x00000e20       0x20 C:\Users\tudor.bradescu\Desktop\workspace3\Lib_EaBaseBoard\Debug\libLib_EaBaseBoard.a(led7seg.o)
                0x00000e20                led7seg_init
 .text.led7seg_setChar
                0x00000e40       0x74 C:\Users\tudor.bradescu\Desktop\workspace3\Lib_EaBaseBoard\Debug\libLib_EaBaseBoard.a(led7seg.o)
                0x00000e40                led7seg_setChar
 .text.writeCommand
                0x00000eb4       0x3c C:\Users\tudor.bradescu\Desktop\workspace3\Lib_EaBaseBoard\Debug\libLib_EaBaseBoard.a(oled.o)
 .text.writeData
                0x00000ef0       0x3c C:\Users\tudor.bradescu\Desktop\workspace3\Lib_EaBaseBoard\Debug\libLib_EaBaseBoard.a(oled.o)
 .text.runInitSequence
                0x00000f2c       0xd8 C:\Users\tudor.bradescu\Desktop\workspace3\Lib_EaBaseBoard\Debug\libLib_EaBaseBoard.a(oled.o)
 .text.hLine    0x00001004       0x80 C:\Users\tudor.bradescu\Desktop\workspace3\Lib_EaBaseBoard\Debug\libLib_EaBaseBoard.a(oled.o)
 .text.vLine    0x00001084       0x80 C:\Users\tudor.bradescu\Desktop\workspace3\Lib_EaBaseBoard\Debug\libLib_EaBaseBoard.a(oled.o)
 .text.oled_init
                0x00001104       0x88 C:\Users\tudor.bradescu\Desktop\workspace3\Lib_EaBaseBoard\Debug\libLib_EaBaseBoard.a(oled.o)
                0x00001104                oled_init
 .text.oled_putPixel
                0x0000118c      0x1e0 C:\Users\tudor.bradescu\Desktop\workspace3\Lib_EaBaseBoard\Debug\libLib_EaBaseBoard.a(oled.o)
                0x0000118c                oled_putPixel
 .text.oled_fillRect
                0x0000136c      0x100 C:\Users\tudor.bradescu\Desktop\workspace3\Lib_EaBaseBoard\Debug\libLib_EaBaseBoard.a(oled.o)
                0x0000136c                oled_fillRect
 .text.oled_putChar
                0x0000146c      0x14c C:\Users\tudor.bradescu\Desktop\workspace3\Lib_EaBaseBoard\Debug\libLib_EaBaseBoard.a(oled.o)
                0x0000146c                oled_putChar
 .text.oled_putString
                0x000015b8       0x68 C:\Users\tudor.bradescu\Desktop\workspace3\Lib_EaBaseBoard\Debug\libLib_EaBaseBoard.a(oled.o)
                0x000015b8                oled_putString
 .text.rgb_init
                0x00001620       0x58 C:\Users\tudor.bradescu\Desktop\workspace3\Lib_EaBaseBoard\Debug\libLib_EaBaseBoard.a(rgb.o)
                0x00001620                rgb_init
 .text.rotary_init
                0x00001678       0x20 C:\Users\tudor.bradescu\Desktop\workspace3\Lib_EaBaseBoard\Debug\libLib_EaBaseBoard.a(rotary.o)
                0x00001678                rotary_init
 .text.rotary_read
                0x00001698       0xf0 C:\Users\tudor.bradescu\Desktop\workspace3\Lib_EaBaseBoard\Debug\libLib_EaBaseBoard.a(rotary.o)
                0x00001698                rotary_read
 .text.temp_init
                0x00001788       0x24 C:\Users\tudor.bradescu\Desktop\workspace3\Lib_EaBaseBoard\Debug\libLib_EaBaseBoard.a(temp.o)
                0x00001788                temp_init
 .text.temp_read
                0x000017ac      0x108 C:\Users\tudor.bradescu\Desktop\workspace3\Lib_EaBaseBoard\Debug\libLib_EaBaseBoard.a(temp.o)
                0x000017ac                temp_read
 .text.ADCInit  0x000018b4       0xac C:\Users\tudor.bradescu\Desktop\workspace3\Lib_MCU\Debug\libLib_MCU.a(adc.o)
                0x000018b4                ADCInit
 .text.ADCRead  0x00001960       0x94 C:\Users\tudor.bradescu\Desktop\workspace3\Lib_MCU\Debug\libLib_MCU.a(adc.o)
                0x00001960                ADCRead
 .text.NVIC_EnableIRQ
                0x000019f4       0x2c C:\Users\tudor.bradescu\Desktop\workspace3\Lib_MCU\Debug\libLib_MCU.a(gpio.o)
 .text.GPIOInit
                0x00001a20       0x38 C:\Users\tudor.bradescu\Desktop\workspace3\Lib_MCU\Debug\libLib_MCU.a(gpio.o)
                0x00001a20                GPIOInit
 .text.GPIOSetDir
                0x00001a58      0x210 C:\Users\tudor.bradescu\Desktop\workspace3\Lib_MCU\Debug\libLib_MCU.a(gpio.o)
                0x00001a58                GPIOSetDir
 .text.GPIOSetValue
                0x00001c68       0x9c C:\Users\tudor.bradescu\Desktop\workspace3\Lib_MCU\Debug\libLib_MCU.a(gpio.o)
                0x00001c68                GPIOSetValue
 .text.GPIOGetValue
                0x00001d04       0xbc C:\Users\tudor.bradescu\Desktop\workspace3\Lib_MCU\Debug\libLib_MCU.a(gpio.o)
                0x00001d04                GPIOGetValue
 .text.NVIC_EnableIRQ
                0x00001dc0       0x2c C:\Users\tudor.bradescu\Desktop\workspace3\Lib_MCU\Debug\libLib_MCU.a(i2c.o)
 .text.I2C_IRQHandler
                0x00001dec      0x1e4 C:\Users\tudor.bradescu\Desktop\workspace3\Lib_MCU\Debug\libLib_MCU.a(i2c.o)
                0x00001dec                I2C_IRQHandler
 .text.I2CInit  0x00001fd0       0xa0 C:\Users\tudor.bradescu\Desktop\workspace3\Lib_MCU\Debug\libLib_MCU.a(i2c.o)
                0x00001fd0                I2CInit
 .text.NVIC_EnableIRQ
                0x00002070       0x2c C:\Users\tudor.bradescu\Desktop\workspace3\Lib_MCU\Debug\libLib_MCU.a(ssp.o)
 .text.SSPInit  0x0000209c       0xec C:\Users\tudor.bradescu\Desktop\workspace3\Lib_MCU\Debug\libLib_MCU.a(ssp.o)
                0x0000209c                SSPInit
 .text.SSPSend  0x00002188       0x6c C:\Users\tudor.bradescu\Desktop\workspace3\Lib_MCU\Debug\libLib_MCU.a(ssp.o)
                0x00002188                SSPSend
 .text.NVIC_EnableIRQ
                0x000021f4       0x2c C:\Users\tudor.bradescu\Desktop\workspace3\Lib_MCU\Debug\libLib_MCU.a(timer32.o)
 .text.delay32Ms
                0x00002220       0xe4 C:\Users\tudor.bradescu\Desktop\workspace3\Lib_MCU\Debug\libLib_MCU.a(timer32.o)
                0x00002220                delay32Ms
 .text.init_timer32
                0x00002304      0x11c C:\Users\tudor.bradescu\Desktop\workspace3\Lib_MCU\Debug\libLib_MCU.a(timer32.o)
                0x00002304                init_timer32
 .text.NVIC_DisableIRQ
                0x00002420       0x30 C:\Users\tudor.bradescu\Desktop\workspace3\Lib_MCU\Debug\libLib_MCU.a(uart.o)
 .text.UARTInit
                0x00002450       0xfc C:\Users\tudor.bradescu\Desktop\workspace3\Lib_MCU\Debug\libLib_MCU.a(uart.o)
                0x00002450                UARTInit
 .text.UARTSendString
                0x0000254c       0x44 C:\Users\tudor.bradescu\Desktop\workspace3\Lib_MCU\Debug\libLib_MCU.a(uart.o)
                0x0000254c                UARTSendString
 .text.__NOP    0x00002590        0xc C:\Users\tudor.bradescu\Desktop\workspace3\Lib_CMSISv1p30_LPC11xx\Debug\libLib_CMSISv1p30_LPC11xx.a(system_LPC11xx.o)
 .text.SystemInit
                0x0000259c       0xe0 C:\Users\tudor.bradescu\Desktop\workspace3\Lib_CMSISv1p30_LPC11xx\Debug\libLib_CMSISv1p30_LPC11xx.a(system_LPC11xx.o)
                0x0000259c                SystemInit
 .text.__main   0x0000267c       0x12 c:/nxp/lpcxpresso_8.1.4_606/lpcxpresso/tools/bin/../lib/gcc/arm-none-eabi/5.2.1/../../../../arm-none-eabi/lib/armv6-m\libcr_semihost.a(_cr__main.o)
                0x0000267c                __CR_SEMIHOST
                0x0000267c                __main
 .text.memset   0x0000268e        0x8 c:/nxp/lpcxpresso_8.1.4_606/lpcxpresso/tools/bin/../lib/gcc/arm-none-eabi/5.2.1/../../../../arm-none-eabi/lib/armv6-m\libcr_c.a(memset.o)
                0x0000268e                memset
 *fill*         0x00002696        0x2 ff
 .text._initio  0x00002698       0xa8 c:/nxp/lpcxpresso_8.1.4_606/lpcxpresso/tools/bin/../lib/gcc/arm-none-eabi/5.2.1/../../../../arm-none-eabi/lib/armv6-m\libcr_c.a(initio.o)
                0x00002698                _initio
 .text.setvbuf  0x00002740       0x48 c:/nxp/lpcxpresso_8.1.4_606/lpcxpresso/tools/bin/../lib/gcc/arm-none-eabi/5.2.1/../../../../arm-none-eabi/lib/armv6-m\libcr_c.a(setvbuf.o)
                0x00002740                setvbuf
 .text._deferredlazyseek
                0x00002788       0x44 c:/nxp/lpcxpresso_8.1.4_606/lpcxpresso/tools/bin/../lib/gcc/arm-none-eabi/5.2.1/../../../../arm-none-eabi/lib/armv6-m\libcr_c.a(_deferredlazyseek.o)
                0x00002788                _deferredlazyseek
 .text._fdopen  0x000027cc       0x74 c:/nxp/lpcxpresso_8.1.4_606/lpcxpresso/tools/bin/../lib/gcc/arm-none-eabi/5.2.1/../../../../arm-none-eabi/lib/armv6-m\libcr_c.a(_fdopen.o)
                0x000027cc                _fdopen
 .text._fflush  0x00002840       0x64 c:/nxp/lpcxpresso_8.1.4_606/lpcxpresso/tools/bin/../lib/gcc/arm-none-eabi/5.2.1/../../../../arm-none-eabi/lib/armv6-m\libcr_c.a(_fflush.o)
                0x00002840                _fflush
 .text._Cwritebuf
                0x000028a4       0x6c c:/nxp/lpcxpresso_8.1.4_606/lpcxpresso/tools/bin/../lib/gcc/arm-none-eabi/5.2.1/../../../../arm-none-eabi/lib/armv6-m\libcr_c.a(_writebuf.o)
                0x000028a4                _Cwritebuf
 .text.malloc   0x00002910       0xcc c:/nxp/lpcxpresso_8.1.4_606/lpcxpresso/tools/bin/../lib/gcc/arm-none-eabi/5.2.1/../../../../arm-none-eabi/lib/armv6-m\libcr_c.a(alloc.o)
                0x00002910                malloc
 .text.free     0x000029dc       0x2e c:/nxp/lpcxpresso_8.1.4_606/lpcxpresso/tools/bin/../lib/gcc/arm-none-eabi/5.2.1/../../../../arm-none-eabi/lib/armv6-m\libcr_c.a(alloc.o)
                0x000029dc                free
 *fill*         0x00002a0a        0x2 ff
 .text._Csys_alloc
                0x00002a0c       0x20 c:/nxp/lpcxpresso_8.1.4_606/lpcxpresso/tools/bin/../lib/gcc/arm-none-eabi/5.2.1/../../../../arm-none-eabi/lib/armv6-m\libcr_c.a(alloc.o)
                0x00002a0c                _Csys_alloc
 .text.fclose   0x00002a2c       0x70 c:/nxp/lpcxpresso_8.1.4_606/lpcxpresso/tools/bin/../lib/gcc/arm-none-eabi/5.2.1/../../../../arm-none-eabi/lib/armv6-m\libcr_c.a(fclose.o)
                0x00002a2c                fclose
 .text.fflush   0x00002a9c       0x34 c:/nxp/lpcxpresso_8.1.4_606/lpcxpresso/tools/bin/../lib/gcc/arm-none-eabi/5.2.1/../../../../arm-none-eabi/lib/armv6-m\libcr_c.a(fflush.o)
                0x00002a9c                fflush
 .text.fseek    0x00002ad0      0x100 c:/nxp/lpcxpresso_8.1.4_606/lpcxpresso/tools/bin/../lib/gcc/arm-none-eabi/5.2.1/../../../../arm-none-eabi/lib/armv6-m\libcr_c.a(fseek.o)
                0x00002ad0                fseek
 .text.ftell    0x00002bd0       0x4c c:/nxp/lpcxpresso_8.1.4_606/lpcxpresso/tools/bin/../lib/gcc/arm-none-eabi/5.2.1/../../../../arm-none-eabi/lib/armv6-m\libcr_c.a(ftell.o)
                0x00002bd0                ftell
 .text.remove   0x00002c1c       0x12 c:/nxp/lpcxpresso_8.1.4_606/lpcxpresso/tools/bin/../lib/gcc/arm-none-eabi/5.2.1/../../../../arm-none-eabi/lib/armv6-m\libcr_c.a(remove.o)
                0x00002c1c                remove
 *fill*         0x00002c2e        0x2 ff
 .text.strlen   0x00002c30       0x54 c:/nxp/lpcxpresso_8.1.4_606/lpcxpresso/tools/bin/../lib/gcc/arm-none-eabi/5.2.1/../../../../arm-none-eabi/lib/armv6-m\libcr_c.a(strlen.o)
                0x00002c30                strlen
 .text._sbrk    0x00002c84       0x40 c:/nxp/lpcxpresso_8.1.4_606/lpcxpresso/tools/bin/../lib/gcc/arm-none-eabi/5.2.1/../../../../arm-none-eabi/lib/armv6-m\libcr_c.a(_cr_sbrk.o)
                0x00002c84                _sbrk
 .text._do_fflush
                0x00002cc4       0x48 c:/nxp/lpcxpresso_8.1.4_606/lpcxpresso/tools/bin/../lib/gcc/arm-none-eabi/5.2.1/../../../../arm-none-eabi/lib/armv6-m\libcr_c.a(_do_fflush.o)
                0x00002cc4                _do_fflush
 .text.__check_heap_overflow
                0x00002d0c       0x14 c:/nxp/lpcxpresso_8.1.4_606/lpcxpresso/tools/bin/../lib/gcc/arm-none-eabi/5.2.1/../../../../arm-none-eabi/lib/armv6-m\libcr_c.a(_cr_check_heap.o)
                0x00002d0c                __check_heap_overflow
 .text.__aeabi_division_idivmod
                0x00002d20       0x78 c:/nxp/lpcxpresso_8.1.4_606/lpcxpresso/tools/bin/../lib/gcc/arm-none-eabi/5.2.1/armv6-m\libcr_eabihelpers.a(division_32.o)
                0x00002d20                __aeabi_idivmod
                0x00002d20                __aeabi_idiv
                0x00002d26                __aeabi_uidivmod
                0x00002d26                __aeabi_uidiv
 .text.__aeabi_division_idiv0
                0x00002d98        0x2 c:/nxp/lpcxpresso_8.1.4_606/lpcxpresso/tools/bin/../lib/gcc/arm-none-eabi/5.2.1/armv6-m\libcr_eabihelpers.a(division_idiv0.o)
                0x00002d98                __aeabi_idiv0
 .text.__aeabi_memset_lowlevel
                0x00002d9a       0x2a c:/nxp/lpcxpresso_8.1.4_606/lpcxpresso/tools/bin/../lib/gcc/arm-none-eabi/5.2.1/armv6-m\libcr_eabihelpers.a(memcpy.o)
                0x00002d9a                __aeabi_lowlevel_memset
 .text.__sys_appexit
                0x00002dc4        0xc c:/nxp/lpcxpresso_8.1.4_606/lpcxpresso/tools/bin/../lib/gcc/arm-none-eabi/5.2.1/../../../../arm-none-eabi/lib/armv6-m\libcr_semihost.a(__sys_appexit.o)
                0x00002dc4                __sys_appexit
                0x00002dc4                __exit
 .text.__sys_close
                0x00002dd0        0xc c:/nxp/lpcxpresso_8.1.4_606/lpcxpresso/tools/bin/../lib/gcc/arm-none-eabi/5.2.1/../../../../arm-none-eabi/lib/armv6-m\libcr_semihost.a(__sys_close.o)
                0x00002dd0                __sys_close
 .text.__sys_flen
                0x00002ddc        0xc c:/nxp/lpcxpresso_8.1.4_606/lpcxpresso/tools/bin/../lib/gcc/arm-none-eabi/5.2.1/../../../../arm-none-eabi/lib/armv6-m\libcr_semihost.a(__sys_flen.o)
                0x00002ddc                __sys_flen
 .text.__sys_istty
                0x00002de8        0xc c:/nxp/lpcxpresso_8.1.4_606/lpcxpresso/tools/bin/../lib/gcc/arm-none-eabi/5.2.1/../../../../arm-none-eabi/lib/armv6-m\libcr_semihost.a(__sys_istty.o)
                0x00002de8                __sys_istty
 .text.__sys_remove
                0x00002df4        0xc c:/nxp/lpcxpresso_8.1.4_606/lpcxpresso/tools/bin/../lib/gcc/arm-none-eabi/5.2.1/../../../../arm-none-eabi/lib/armv6-m\libcr_semihost.a(__sys_remove.o)
                0x00002df4                __sys_remove
 .text.__sys_seek
                0x00002e00        0xc c:/nxp/lpcxpresso_8.1.4_606/lpcxpresso/tools/bin/../lib/gcc/arm-none-eabi/5.2.1/../../../../arm-none-eabi/lib/armv6-m\libcr_semihost.a(__sys_seek.o)
                0x00002e00                __sys_seek
 .text.__sys_tmpnam
                0x00002e0c        0xc c:/nxp/lpcxpresso_8.1.4_606/lpcxpresso/tools/bin/../lib/gcc/arm-none-eabi/5.2.1/../../../../arm-none-eabi/lib/armv6-m\libcr_semihost.a(__sys_tmpnam.o)
                0x00002e0c                __sys_tmpnam
 .text.__sys_write
                0x00002e18        0xc c:/nxp/lpcxpresso_8.1.4_606/lpcxpresso/tools/bin/../lib/gcc/arm-none-eabi/5.2.1/../../../../arm-none-eabi/lib/armv6-m\libcr_semihost.a(__sys_write.o)
                0x00002e18                __sys_write
                0x00002e18                __write
 *(.rodata .rodata.* .constdata .constdata.*)
 .rodata        0x00002e24       0x15 ./src/DemoLPCExpresso2016_init.o
 *fill*         0x00002e39        0x3 ff
 .rodata        0x00002e3c       0x11 ./src/Joystick_Buzzer_Interface.o
 *fill*         0x00002e4d        0x3 ff
 .rodata        0x00002e50       0x25 ./src/display.o
 *fill*         0x00002e75        0x3 ff
 .rodata        0x00002e78        0x8 C:\Users\tudor.bradescu\Desktop\workspace3\Lib_EaBaseBoard\Debug\libLib_EaBaseBoard.a(oled.o)
 .rodata        0x00002e80       0x18 C:\Users\tudor.bradescu\Desktop\workspace3\Lib_EaBaseBoard\Debug\libLib_EaBaseBoard.a(rotary.o)
 .rodata        0x00002e98      0x300 C:\Users\tudor.bradescu\Desktop\workspace3\Lib_EaBaseBoard\Debug\libLib_EaBaseBoard.a(font5x7.o)
                0x00002e98                font5x7
 .rodata        0x00003198      0x144 C:\Users\tudor.bradescu\Desktop\workspace3\Lib_MCU\Debug\libLib_MCU.a(i2c.o)
 .rodata.str1.1
                0x000032dc        0x4 c:/nxp/lpcxpresso_8.1.4_606/lpcxpresso/tools/bin/../lib/gcc/arm-none-eabi/5.2.1/../../../../arm-none-eabi/lib/armv6-m\libcr_c.a(initio.o)
 .rodata.str1.1
                0x000032e0       0x18 c:/nxp/lpcxpresso_8.1.4_606/lpcxpresso/tools/bin/../lib/gcc/arm-none-eabi/5.2.1/../../../../arm-none-eabi/lib/armv6-m\libcr_c.a(alloc.o)
                0x000032f8                . = ALIGN (0x4)

.glue_7         0x000032f8        0x0
 .glue_7        0x000032f8        0x0 linker stubs

.glue_7t        0x000032f8        0x0
 .glue_7t       0x000032f8        0x0 linker stubs

.vfp11_veneer   0x000032f8        0x0
 .vfp11_veneer  0x000032f8        0x0 linker stubs

.v4_bx          0x000032f8        0x0
 .v4_bx         0x000032f8        0x0 linker stubs

.iplt           0x000032f8        0x0
 .iplt          0x000032f8        0x0 ./src/DemoLPCExpresso2016.o

.rel.dyn        0x000032f8        0x0
 .rel.iplt      0x000032f8        0x0 ./src/DemoLPCExpresso2016.o

.ARM.extab
 *(.ARM.extab* .gnu.linkonce.armextab.*)
                0x000032f8                __exidx_start = .

.ARM.exidx
 *(.ARM.exidx* .gnu.linkonce.armexidx.*)
                0x000032f8                __exidx_end = .
                0x000032f8                _etext = .

.uninit_RESERVED
                0x10000000        0x0
 *(.bss.$RESERVED*)
                0x10000000                . = ALIGN (0x4)
                0x10000000                _end_uninit_RESERVED = .

.data           0x10000000       0xd0 load address 0x000032f8
 FILL mask 0xff
                0x10000000                _data = .
 *(vtable)
 *(.ramfunc*)
 *(.data*)
 .data          0x10000000       0x1c ./src/Joystick_Buzzer_Interface.o
 .data          0x1000001c       0x20 ./src/display.o
 .data          0x1000003c       0x1f ./src/rgbLED.o
 *fill*         0x1000005b        0x1 ff
 .data          0x1000005c       0x20 ./src/temperature.o
                0x10000078                previous_state
 .data          0x1000007c       0x50 C:\Users\tudor.bradescu\Desktop\workspace3\Lib_EaBaseBoard\Debug\libLib_EaBaseBoard.a(led7seg.o)
 .data          0x100000cc        0x4 C:\Users\tudor.bradescu\Desktop\workspace3\Lib_CMSISv1p30_LPC11xx\Debug\libLib_CMSISv1p30_LPC11xx.a(system_LPC11xx.o)
                0x100000cc                SystemCoreClock
                0x100000d0                . = ALIGN (0x4)
                0x100000d0                _edata = .

.igot.plt       0x100000d0        0x0 load address 0x000033c8
 .igot.plt      0x100000d0        0x0 ./src/DemoLPCExpresso2016.o

.bss            0x100000d0      0x49c load address 0x000033c8
                0x100000d0                _bss = .
 *(.bss*)
 .bss           0x100000d0        0x4 ./src/DemoLPCExpresso2016.o
                0x100000d0                t
 .bss           0x100000d4        0xe ./src/display.o
 *fill*         0x100000e2        0x2 
 .bss           0x100000e4        0x4 ./src/push_button.o
                0x100000e4                button_pressed
 .bss           0x100000e8        0x1 ./src/rotary_encoder.o
 *fill*         0x100000e9        0x3 
 .bss           0x100000ec      0x300 C:\Users\tudor.bradescu\Desktop\workspace3\Lib_EaBaseBoard\Debug\libLib_EaBaseBoard.a(oled.o)
 .bss           0x100003ec        0x4 C:\Users\tudor.bradescu\Desktop\workspace3\Lib_EaBaseBoard\Debug\libLib_EaBaseBoard.a(temp.o)
 .bss           0x100003f0       0x29 C:\Users\tudor.bradescu\Desktop\workspace3\Lib_MCU\Debug\libLib_MCU.a(i2c.o)
 *fill*         0x10000419        0x3 
 .bss._extra    0x1000041c        0x4 c:/nxp/lpcxpresso_8.1.4_606/lpcxpresso/tools/bin/../lib/gcc/arm-none-eabi/5.2.1/../../../../arm-none-eabi/lib/armv6-m\libcr_c.a(initio.o)
                0x1000041c                _extra
 .bss.__Ciob    0x10000420      0x140 c:/nxp/lpcxpresso_8.1.4_606/lpcxpresso/tools/bin/../lib/gcc/arm-none-eabi/5.2.1/../../../../arm-none-eabi/lib/armv6-m\libcr_c.a(stdio.o)
                0x10000420                __Ciob
 .bss.__heaps   0x10000560        0x4 c:/nxp/lpcxpresso_8.1.4_606/lpcxpresso/tools/bin/../lib/gcc/arm-none-eabi/5.2.1/../../../../arm-none-eabi/lib/armv6-m\libcr_c.a(__init_alloc.o)
                0x10000560                __heaps
 .bss.__end_of_heap
                0x10000564        0x4 c:/nxp/lpcxpresso_8.1.4_606/lpcxpresso/tools/bin/../lib/gcc/arm-none-eabi/5.2.1/../../../../arm-none-eabi/lib/armv6-m\libcr_c.a(__init_alloc.o)
                0x10000564                __end_of_heap
 .bss.errno     0x10000568        0x4 c:/nxp/lpcxpresso_8.1.4_606/lpcxpresso/tools/bin/../lib/gcc/arm-none-eabi/5.2.1/../../../../arm-none-eabi/lib/armv6-m\libcr_c.a(errno.o)
                0x10000568                errno
 *(COMMON)
                0x1000056c                . = ALIGN (0x4)
                0x1000056c                _ebss = .
                [!provide]                PROVIDE (end, .)

.noinit         0x1000056c        0x0 load address 0x000033c8
                0x1000056c                _noinit = .
 *(.noinit*)
                0x1000056c                . = ALIGN (0x4)
                0x1000056c                _end_noinit = .
                0x1000056c                PROVIDE (_pvHeapStart, DEFINED (__user_heap_base)?__user_heap_base:.)
                0x10002000                PROVIDE (_vStackTop, DEFINED (__user_stack_top)?__user_stack_top:(__top_RamLoc8 - 0x0))
                [!provide]                PROVIDE (__valid_user_code_checksum, (0x0 - (((_vStackTop + (ResetISR + 0x1)) + (DEFINED (NMI_Handler)?NMI_Handler:M0_NMI_Handler + 0x1)) + (DEFINED (HardFault_Handler)?HardFault_Handler:M0_HardFault_Handler + 0x1))))
OUTPUT(leds_joystick.axf elf32-littlearm)

.debug_info     0x00000000     0x7036
 .debug_info    0x00000000      0x13b ./src/DemoLPCExpresso2016.o
 .debug_info    0x0000013b      0x744 ./src/DemoLPCExpresso2016_init.o
 .debug_info    0x0000087f      0x4d7 ./src/Joystick_Buzzer_Interface.o
 .debug_info    0x00000d56      0x11d ./src/Seven_Segment.o
 .debug_info    0x00000e73      0x2e9 ./src/buzzer.o
 .debug_info    0x0000115c      0x186 ./src/cr_startup_lpc11.o
 .debug_info    0x000012e2      0x238 ./src/display.o
 .debug_info    0x0000151a      0x11a ./src/joystickPosition.o
 .debug_info    0x00001634      0x121 ./src/push_button.o
 .debug_info    0x00001755      0x8c8 ./src/rgbLED.o
 .debug_info    0x0000201d      0x116 ./src/rotary_encoder.o
 .debug_info    0x00002133      0x142 ./src/temperature.o
 .debug_info    0x00002275       0xb7 C:\Users\tudor.bradescu\Desktop\workspace3\Lib_EaBaseBoard\Debug\libLib_EaBaseBoard.a(joystick.o)
 .debug_info    0x0000232c       0xfe C:\Users\tudor.bradescu\Desktop\workspace3\Lib_EaBaseBoard\Debug\libLib_EaBaseBoard.a(led7seg.o)
 .debug_info    0x0000242a      0x79e C:\Users\tudor.bradescu\Desktop\workspace3\Lib_EaBaseBoard\Debug\libLib_EaBaseBoard.a(oled.o)
 .debug_info    0x00002bc8      0x327 C:\Users\tudor.bradescu\Desktop\workspace3\Lib_EaBaseBoard\Debug\libLib_EaBaseBoard.a(rgb.o)
 .debug_info    0x00002eef      0x1e2 C:\Users\tudor.bradescu\Desktop\workspace3\Lib_EaBaseBoard\Debug\libLib_EaBaseBoard.a(rotary.o)
 .debug_info    0x000030d1      0x22c C:\Users\tudor.bradescu\Desktop\workspace3\Lib_EaBaseBoard\Debug\libLib_EaBaseBoard.a(temp.o)
 .debug_info    0x000032fd       0x5c C:\Users\tudor.bradescu\Desktop\workspace3\Lib_EaBaseBoard\Debug\libLib_EaBaseBoard.a(font5x7.o)
 .debug_info    0x00003359      0x727 C:\Users\tudor.bradescu\Desktop\workspace3\Lib_MCU\Debug\libLib_MCU.a(adc.o)
 .debug_info    0x00003a80      0x8b4 C:\Users\tudor.bradescu\Desktop\workspace3\Lib_MCU\Debug\libLib_MCU.a(gpio.o)
 .debug_info    0x00004334      0xade C:\Users\tudor.bradescu\Desktop\workspace3\Lib_MCU\Debug\libLib_MCU.a(i2c.o)
 .debug_info    0x00004e12      0x989 C:\Users\tudor.bradescu\Desktop\workspace3\Lib_MCU\Debug\libLib_MCU.a(ssp.o)
 .debug_info    0x0000579b      0xa03 C:\Users\tudor.bradescu\Desktop\workspace3\Lib_MCU\Debug\libLib_MCU.a(timer32.o)
 .debug_info    0x0000619e      0xa74 C:\Users\tudor.bradescu\Desktop\workspace3\Lib_MCU\Debug\libLib_MCU.a(uart.o)
 .debug_info    0x00006c12      0x424 C:\Users\tudor.bradescu\Desktop\workspace3\Lib_CMSISv1p30_LPC11xx\Debug\libLib_CMSISv1p30_LPC11xx.a(system_LPC11xx.o)

.debug_abbrev   0x00000000     0x1d5d
 .debug_abbrev  0x00000000       0xb3 ./src/DemoLPCExpresso2016.o
 .debug_abbrev  0x000000b3      0x15d ./src/DemoLPCExpresso2016_init.o
 .debug_abbrev  0x00000210      0x13f ./src/Joystick_Buzzer_Interface.o
 .debug_abbrev  0x0000034f       0xb1 ./src/Seven_Segment.o
 .debug_abbrev  0x00000400      0x12e ./src/buzzer.o
 .debug_abbrev  0x0000052e       0xb9 ./src/cr_startup_lpc11.o
 .debug_abbrev  0x000005e7      0x157 ./src/display.o
 .debug_abbrev  0x0000073e       0xa4 ./src/joystickPosition.o
 .debug_abbrev  0x000007e2       0xa7 ./src/push_button.o
 .debug_abbrev  0x00000889      0x208 ./src/rgbLED.o
 .debug_abbrev  0x00000a91       0xa4 ./src/rotary_encoder.o
 .debug_abbrev  0x00000b35       0xba ./src/temperature.o
 .debug_abbrev  0x00000bef       0x7b C:\Users\tudor.bradescu\Desktop\workspace3\Lib_EaBaseBoard\Debug\libLib_EaBaseBoard.a(joystick.o)
 .debug_abbrev  0x00000c6a       0xba C:\Users\tudor.bradescu\Desktop\workspace3\Lib_EaBaseBoard\Debug\libLib_EaBaseBoard.a(led7seg.o)
 .debug_abbrev  0x00000d24      0x187 C:\Users\tudor.bradescu\Desktop\workspace3\Lib_EaBaseBoard\Debug\libLib_EaBaseBoard.a(oled.o)
 .debug_abbrev  0x00000eab       0xae C:\Users\tudor.bradescu\Desktop\workspace3\Lib_EaBaseBoard\Debug\libLib_EaBaseBoard.a(rgb.o)
 .debug_abbrev  0x00000f59      0x114 C:\Users\tudor.bradescu\Desktop\workspace3\Lib_EaBaseBoard\Debug\libLib_EaBaseBoard.a(rotary.o)
 .debug_abbrev  0x0000106d      0x139 C:\Users\tudor.bradescu\Desktop\workspace3\Lib_EaBaseBoard\Debug\libLib_EaBaseBoard.a(temp.o)
 .debug_abbrev  0x000011a6       0x48 C:\Users\tudor.bradescu\Desktop\workspace3\Lib_EaBaseBoard\Debug\libLib_EaBaseBoard.a(font5x7.o)
 .debug_abbrev  0x000011ee      0x158 C:\Users\tudor.bradescu\Desktop\workspace3\Lib_MCU\Debug\libLib_MCU.a(adc.o)
 .debug_abbrev  0x00001346      0x214 C:\Users\tudor.bradescu\Desktop\workspace3\Lib_MCU\Debug\libLib_MCU.a(gpio.o)
 .debug_abbrev  0x0000155a      0x1f9 C:\Users\tudor.bradescu\Desktop\workspace3\Lib_MCU\Debug\libLib_MCU.a(i2c.o)
 .debug_abbrev  0x00001753      0x1ad C:\Users\tudor.bradescu\Desktop\workspace3\Lib_MCU\Debug\libLib_MCU.a(ssp.o)
 .debug_abbrev  0x00001900      0x186 C:\Users\tudor.bradescu\Desktop\workspace3\Lib_MCU\Debug\libLib_MCU.a(timer32.o)
 .debug_abbrev  0x00001a86      0x1f5 C:\Users\tudor.bradescu\Desktop\workspace3\Lib_MCU\Debug\libLib_MCU.a(uart.o)
 .debug_abbrev  0x00001c7b       0xe2 C:\Users\tudor.bradescu\Desktop\workspace3\Lib_CMSISv1p30_LPC11xx\Debug\libLib_CMSISv1p30_LPC11xx.a(system_LPC11xx.o)

.debug_aranges  0x00000000      0x5d0
 .debug_aranges
                0x00000000       0x20 ./src/DemoLPCExpresso2016.o
 .debug_aranges
                0x00000020       0x30 ./src/DemoLPCExpresso2016_init.o
 .debug_aranges
                0x00000050       0x28 ./src/Joystick_Buzzer_Interface.o
 .debug_aranges
                0x00000078       0x20 ./src/Seven_Segment.o
 .debug_aranges
                0x00000098       0x48 ./src/buzzer.o
 .debug_aranges
                0x000000e0       0x50 ./src/cr_startup_lpc11.o
 .debug_aranges
                0x00000130       0x40 ./src/display.o
 .debug_aranges
                0x00000170       0x20 ./src/joystickPosition.o
 .debug_aranges
                0x00000190       0x20 ./src/push_button.o
 .debug_aranges
                0x000001b0       0x78 ./src/rgbLED.o
 .debug_aranges
                0x00000228       0x20 ./src/rotary_encoder.o
 .debug_aranges
                0x00000248       0x20 ./src/temperature.o
 .debug_aranges
                0x00000268       0x28 C:\Users\tudor.bradescu\Desktop\workspace3\Lib_EaBaseBoard\Debug\libLib_EaBaseBoard.a(joystick.o)
 .debug_aranges
                0x00000290       0x28 C:\Users\tudor.bradescu\Desktop\workspace3\Lib_EaBaseBoard\Debug\libLib_EaBaseBoard.a(led7seg.o)
 .debug_aranges
                0x000002b8       0x90 C:\Users\tudor.bradescu\Desktop\workspace3\Lib_EaBaseBoard\Debug\libLib_EaBaseBoard.a(oled.o)
 .debug_aranges
                0x00000348       0x28 C:\Users\tudor.bradescu\Desktop\workspace3\Lib_EaBaseBoard\Debug\libLib_EaBaseBoard.a(rgb.o)
 .debug_aranges
                0x00000370       0x28 C:\Users\tudor.bradescu\Desktop\workspace3\Lib_EaBaseBoard\Debug\libLib_EaBaseBoard.a(rotary.o)
 .debug_aranges
                0x00000398       0x28 C:\Users\tudor.bradescu\Desktop\workspace3\Lib_EaBaseBoard\Debug\libLib_EaBaseBoard.a(temp.o)
 .debug_aranges
                0x000003c0       0x18 C:\Users\tudor.bradescu\Desktop\workspace3\Lib_EaBaseBoard\Debug\libLib_EaBaseBoard.a(font5x7.o)
 .debug_aranges
                0x000003d8       0x30 C:\Users\tudor.bradescu\Desktop\workspace3\Lib_MCU\Debug\libLib_MCU.a(adc.o)
 .debug_aranges
                0x00000408       0x68 C:\Users\tudor.bradescu\Desktop\workspace3\Lib_MCU\Debug\libLib_MCU.a(gpio.o)
 .debug_aranges
                0x00000470       0x58 C:\Users\tudor.bradescu\Desktop\workspace3\Lib_MCU\Debug\libLib_MCU.a(i2c.o)
 .debug_aranges
                0x000004c8       0x40 C:\Users\tudor.bradescu\Desktop\workspace3\Lib_MCU\Debug\libLib_MCU.a(ssp.o)
 .debug_aranges
                0x00000508       0x50 C:\Users\tudor.bradescu\Desktop\workspace3\Lib_MCU\Debug\libLib_MCU.a(timer32.o)
 .debug_aranges
                0x00000558       0x48 C:\Users\tudor.bradescu\Desktop\workspace3\Lib_MCU\Debug\libLib_MCU.a(uart.o)
 .debug_aranges
                0x000005a0       0x30 C:\Users\tudor.bradescu\Desktop\workspace3\Lib_CMSISv1p30_LPC11xx\Debug\libLib_CMSISv1p30_LPC11xx.a(system_LPC11xx.o)

.debug_ranges   0x00000000      0x428
 .debug_ranges  0x00000000       0x10 ./src/DemoLPCExpresso2016.o
 .debug_ranges  0x00000010       0x20 ./src/DemoLPCExpresso2016_init.o
 .debug_ranges  0x00000030       0x18 ./src/Joystick_Buzzer_Interface.o
 .debug_ranges  0x00000048       0x10 ./src/Seven_Segment.o
 .debug_ranges  0x00000058       0x38 ./src/buzzer.o
 .debug_ranges  0x00000090       0x40 ./src/cr_startup_lpc11.o
 .debug_ranges  0x000000d0       0x30 ./src/display.o
 .debug_ranges  0x00000100       0x10 ./src/joystickPosition.o
 .debug_ranges  0x00000110       0x10 ./src/push_button.o
 .debug_ranges  0x00000120       0x68 ./src/rgbLED.o
 .debug_ranges  0x00000188       0x10 ./src/rotary_encoder.o
 .debug_ranges  0x00000198       0x10 ./src/temperature.o
 .debug_ranges  0x000001a8       0x18 C:\Users\tudor.bradescu\Desktop\workspace3\Lib_EaBaseBoard\Debug\libLib_EaBaseBoard.a(joystick.o)
 .debug_ranges  0x000001c0       0x18 C:\Users\tudor.bradescu\Desktop\workspace3\Lib_EaBaseBoard\Debug\libLib_EaBaseBoard.a(led7seg.o)
 .debug_ranges  0x000001d8       0x80 C:\Users\tudor.bradescu\Desktop\workspace3\Lib_EaBaseBoard\Debug\libLib_EaBaseBoard.a(oled.o)
 .debug_ranges  0x00000258       0x18 C:\Users\tudor.bradescu\Desktop\workspace3\Lib_EaBaseBoard\Debug\libLib_EaBaseBoard.a(rgb.o)
 .debug_ranges  0x00000270       0x18 C:\Users\tudor.bradescu\Desktop\workspace3\Lib_EaBaseBoard\Debug\libLib_EaBaseBoard.a(rotary.o)
 .debug_ranges  0x00000288       0x18 C:\Users\tudor.bradescu\Desktop\workspace3\Lib_EaBaseBoard\Debug\libLib_EaBaseBoard.a(temp.o)
 .debug_ranges  0x000002a0       0x20 C:\Users\tudor.bradescu\Desktop\workspace3\Lib_MCU\Debug\libLib_MCU.a(adc.o)
 .debug_ranges  0x000002c0       0x58 C:\Users\tudor.bradescu\Desktop\workspace3\Lib_MCU\Debug\libLib_MCU.a(gpio.o)
 .debug_ranges  0x00000318       0x48 C:\Users\tudor.bradescu\Desktop\workspace3\Lib_MCU\Debug\libLib_MCU.a(i2c.o)
 .debug_ranges  0x00000360       0x30 C:\Users\tudor.bradescu\Desktop\workspace3\Lib_MCU\Debug\libLib_MCU.a(ssp.o)
 .debug_ranges  0x00000390       0x40 C:\Users\tudor.bradescu\Desktop\workspace3\Lib_MCU\Debug\libLib_MCU.a(timer32.o)
 .debug_ranges  0x000003d0       0x38 C:\Users\tudor.bradescu\Desktop\workspace3\Lib_MCU\Debug\libLib_MCU.a(uart.o)
 .debug_ranges  0x00000408       0x20 C:\Users\tudor.bradescu\Desktop\workspace3\Lib_CMSISv1p30_LPC11xx\Debug\libLib_CMSISv1p30_LPC11xx.a(system_LPC11xx.o)

.debug_macro    0x00000000     0x487b
 .debug_macro   0x00000000      0x10b ./src/DemoLPCExpresso2016.o
 .debug_macro   0x0000010b      0x83e ./src/DemoLPCExpresso2016.o
 .debug_macro   0x00000949       0x10 ./src/DemoLPCExpresso2016.o
 .debug_macro   0x00000959      0x12d ./src/DemoLPCExpresso2016.o
 .debug_macro   0x00000a86      0x5b2 ./src/DemoLPCExpresso2016.o
 .debug_macro   0x00001038       0x16 ./src/DemoLPCExpresso2016.o
 .debug_macro   0x0000104e       0x22 ./src/DemoLPCExpresso2016.o
 .debug_macro   0x00001070       0x28 ./src/DemoLPCExpresso2016.o
 .debug_macro   0x00001098       0x1c ./src/DemoLPCExpresso2016.o
 .debug_macro   0x000010b4      0x398 ./src/DemoLPCExpresso2016.o
 .debug_macro   0x0000144c      0x115 ./src/DemoLPCExpresso2016.o
 .debug_macro   0x00001561       0x10 ./src/DemoLPCExpresso2016.o
 .debug_macro   0x00001571       0x10 ./src/DemoLPCExpresso2016.o
 .debug_macro   0x00001581       0x1c ./src/DemoLPCExpresso2016.o
 .debug_macro   0x0000159d       0xa6 ./src/DemoLPCExpresso2016.o
 .debug_macro   0x00001643       0xb8 ./src/DemoLPCExpresso2016.o
 .debug_macro   0x000016fb      0x130 ./src/DemoLPCExpresso2016.o
 .debug_macro   0x0000182b       0x46 ./src/DemoLPCExpresso2016.o
 .debug_macro   0x00001871       0x16 ./src/DemoLPCExpresso2016.o
 .debug_macro   0x00001887       0x22 ./src/DemoLPCExpresso2016.o
 .debug_macro   0x000018a9       0x1c ./src/DemoLPCExpresso2016.o
 .debug_macro   0x000018c5       0xca ./src/DemoLPCExpresso2016.o
 .debug_macro   0x0000198f      0x10b ./src/DemoLPCExpresso2016_init.o
 .debug_macro   0x00001a9a      0x10b ./src/Joystick_Buzzer_Interface.o
 .debug_macro   0x00001ba5      0x10b ./src/Seven_Segment.o
 .debug_macro   0x00001cb0      0x10b ./src/buzzer.o
 .debug_macro   0x00001dbb       0x52 ./src/cr_startup_lpc11.o
 .debug_macro   0x00001e0d      0x10b ./src/display.o
 .debug_macro   0x00001f18      0x10b ./src/joystickPosition.o
 .debug_macro   0x00002023      0x10b ./src/push_button.o
 .debug_macro   0x0000212e      0x10b ./src/rgbLED.o
 .debug_macro   0x00002239      0x10b ./src/rotary_encoder.o
 .debug_macro   0x00002344      0x10b ./src/temperature.o
 .debug_macro   0x0000244f       0x8d C:\Users\tudor.bradescu\Desktop\workspace3\Lib_EaBaseBoard\Debug\libLib_EaBaseBoard.a(joystick.o)
 .debug_macro   0x000024dc      0x838 C:\Users\tudor.bradescu\Desktop\workspace3\Lib_EaBaseBoard\Debug\libLib_EaBaseBoard.a(joystick.o)
 .debug_macro   0x00002d14       0x22 C:\Users\tudor.bradescu\Desktop\workspace3\Lib_EaBaseBoard\Debug\libLib_EaBaseBoard.a(joystick.o)
 .debug_macro   0x00002d36      0x37a C:\Users\tudor.bradescu\Desktop\workspace3\Lib_EaBaseBoard\Debug\libLib_EaBaseBoard.a(joystick.o)
 .debug_macro   0x000030b0       0x1c C:\Users\tudor.bradescu\Desktop\workspace3\Lib_EaBaseBoard\Debug\libLib_EaBaseBoard.a(joystick.o)
 .debug_macro   0x000030cc       0xa3 C:\Users\tudor.bradescu\Desktop\workspace3\Lib_EaBaseBoard\Debug\libLib_EaBaseBoard.a(led7seg.o)
 .debug_macro   0x0000316f       0xe1 C:\Users\tudor.bradescu\Desktop\workspace3\Lib_EaBaseBoard\Debug\libLib_EaBaseBoard.a(oled.o)
 .debug_macro   0x00003250       0x8d C:\Users\tudor.bradescu\Desktop\workspace3\Lib_EaBaseBoard\Debug\libLib_EaBaseBoard.a(rgb.o)
 .debug_macro   0x000032dd       0xbd C:\Users\tudor.bradescu\Desktop\workspace3\Lib_EaBaseBoard\Debug\libLib_EaBaseBoard.a(rotary.o)
 .debug_macro   0x0000339a       0xb8 C:\Users\tudor.bradescu\Desktop\workspace3\Lib_EaBaseBoard\Debug\libLib_EaBaseBoard.a(temp.o)
 .debug_macro   0x00003452       0x1a C:\Users\tudor.bradescu\Desktop\workspace3\Lib_EaBaseBoard\Debug\libLib_EaBaseBoard.a(font5x7.o)
 .debug_macro   0x0000346c      0x696 C:\Users\tudor.bradescu\Desktop\workspace3\Lib_EaBaseBoard\Debug\libLib_EaBaseBoard.a(font5x7.o)
 .debug_macro   0x00003b02       0x7b C:\Users\tudor.bradescu\Desktop\workspace3\Lib_MCU\Debug\libLib_MCU.a(adc.o)
 .debug_macro   0x00003b7d      0x832 C:\Users\tudor.bradescu\Desktop\workspace3\Lib_MCU\Debug\libLib_MCU.a(adc.o)
 .debug_macro   0x000043af       0x7b C:\Users\tudor.bradescu\Desktop\workspace3\Lib_MCU\Debug\libLib_MCU.a(gpio.o)
 .debug_macro   0x0000442a       0x84 C:\Users\tudor.bradescu\Desktop\workspace3\Lib_MCU\Debug\libLib_MCU.a(i2c.o)
 .debug_macro   0x000044ae       0x84 C:\Users\tudor.bradescu\Desktop\workspace3\Lib_MCU\Debug\libLib_MCU.a(ssp.o)
 .debug_macro   0x00004532       0x7b C:\Users\tudor.bradescu\Desktop\workspace3\Lib_MCU\Debug\libLib_MCU.a(timer32.o)
 .debug_macro   0x000045ad       0x7b C:\Users\tudor.bradescu\Desktop\workspace3\Lib_MCU\Debug\libLib_MCU.a(uart.o)
 .debug_macro   0x00004628      0x122 C:\Users\tudor.bradescu\Desktop\workspace3\Lib_CMSISv1p30_LPC11xx\Debug\libLib_CMSISv1p30_LPC11xx.a(system_LPC11xx.o)
 .debug_macro   0x0000474a       0x1c C:\Users\tudor.bradescu\Desktop\workspace3\Lib_CMSISv1p30_LPC11xx\Debug\libLib_CMSISv1p30_LPC11xx.a(system_LPC11xx.o)
 .debug_macro   0x00004766      0x115 C:\Users\tudor.bradescu\Desktop\workspace3\Lib_CMSISv1p30_LPC11xx\Debug\libLib_CMSISv1p30_LPC11xx.a(system_LPC11xx.o)

.debug_line     0x00000000     0x4713
 .debug_line    0x00000000      0x2f0 ./src/DemoLPCExpresso2016.o
 .debug_line    0x000002f0      0x312 ./src/DemoLPCExpresso2016_init.o
 .debug_line    0x00000602      0x347 ./src/Joystick_Buzzer_Interface.o
 .debug_line    0x00000949      0x2bf ./src/Seven_Segment.o
 .debug_line    0x00000c08      0x314 ./src/buzzer.o
 .debug_line    0x00000f1c      0x205 ./src/cr_startup_lpc11.o
 .debug_line    0x00001121      0x346 ./src/display.o
 .debug_line    0x00001467      0x2d5 ./src/joystickPosition.o
 .debug_line    0x0000173c      0x2c3 ./src/push_button.o
 .debug_line    0x000019ff      0x3c6 ./src/rgbLED.o
 .debug_line    0x00001dc5      0x2d0 ./src/rotary_encoder.o
 .debug_line    0x00002095      0x2d4 ./src/temperature.o
 .debug_line    0x00002369      0x23d C:\Users\tudor.bradescu\Desktop\workspace3\Lib_EaBaseBoard\Debug\libLib_EaBaseBoard.a(joystick.o)
 .debug_line    0x000025a6      0x245 C:\Users\tudor.bradescu\Desktop\workspace3\Lib_EaBaseBoard\Debug\libLib_EaBaseBoard.a(led7seg.o)
 .debug_line    0x000027eb      0x551 C:\Users\tudor.bradescu\Desktop\workspace3\Lib_EaBaseBoard\Debug\libLib_EaBaseBoard.a(oled.o)
 .debug_line    0x00002d3c      0x232 C:\Users\tudor.bradescu\Desktop\workspace3\Lib_EaBaseBoard\Debug\libLib_EaBaseBoard.a(rgb.o)
 .debug_line    0x00002f6e      0x252 C:\Users\tudor.bradescu\Desktop\workspace3\Lib_EaBaseBoard\Debug\libLib_EaBaseBoard.a(rotary.o)
 .debug_line    0x000031c0      0x255 C:\Users\tudor.bradescu\Desktop\workspace3\Lib_EaBaseBoard\Debug\libLib_EaBaseBoard.a(temp.o)
 .debug_line    0x00003415       0x80 C:\Users\tudor.bradescu\Desktop\workspace3\Lib_EaBaseBoard\Debug\libLib_EaBaseBoard.a(font5x7.o)
 .debug_line    0x00003495      0x206 C:\Users\tudor.bradescu\Desktop\workspace3\Lib_MCU\Debug\libLib_MCU.a(adc.o)
 .debug_line    0x0000369b      0x39d C:\Users\tudor.bradescu\Desktop\workspace3\Lib_MCU\Debug\libLib_MCU.a(gpio.o)
 .debug_line    0x00003a38      0x2be C:\Users\tudor.bradescu\Desktop\workspace3\Lib_MCU\Debug\libLib_MCU.a(i2c.o)
 .debug_line    0x00003cf6      0x29b C:\Users\tudor.bradescu\Desktop\workspace3\Lib_MCU\Debug\libLib_MCU.a(ssp.o)
 .debug_line    0x00003f91      0x2c2 C:\Users\tudor.bradescu\Desktop\workspace3\Lib_MCU\Debug\libLib_MCU.a(timer32.o)
 .debug_line    0x00004253      0x2a8 C:\Users\tudor.bradescu\Desktop\workspace3\Lib_MCU\Debug\libLib_MCU.a(uart.o)
 .debug_line    0x000044fb      0x218 C:\Users\tudor.bradescu\Desktop\workspace3\Lib_CMSISv1p30_LPC11xx\Debug\libLib_CMSISv1p30_LPC11xx.a(system_LPC11xx.o)

.debug_str      0x00000000     0x8b0e
 .debug_str     0x00000000     0x6390 ./src/DemoLPCExpresso2016.o
                               0x6427 (size before relaxing)
 .debug_str     0x00006390      0x4b9 ./src/DemoLPCExpresso2016_init.o
                               0x68bf (size before relaxing)
 .debug_str     0x00006849      0x230 ./src/Joystick_Buzzer_Interface.o
                               0x6634 (size before relaxing)
 .debug_str     0x00006a79       0x36 ./src/Seven_Segment.o
                               0x641d (size before relaxing)
 .debug_str     0x00006aaf       0xb0 ./src/buzzer.o
                               0x64b4 (size before relaxing)
 .debug_str     0x00006b5f      0x104 ./src/cr_startup_lpc11.o
                               0x3bff (size before relaxing)
 .debug_str     0x00006c63       0x8a ./src/display.o
                               0x6497 (size before relaxing)
 .debug_str     0x00006ced       0x2f ./src/joystickPosition.o
                               0x642c (size before relaxing)
 .debug_str     0x00006d1c       0x37 ./src/push_button.o
                               0x6427 (size before relaxing)
 .debug_str     0x00006d53       0xbf ./src/rgbLED.o
                               0x691d (size before relaxing)
 .debug_str     0x00006e12       0x38 ./src/rotary_encoder.o
                               0x641f (size before relaxing)
 .debug_str     0x00006e4a       0x47 ./src/temperature.o
                               0x6437 (size before relaxing)
 .debug_str     0x00006e91       0x8e C:\Users\tudor.bradescu\Desktop\workspace3\Lib_EaBaseBoard\Debug\libLib_EaBaseBoard.a(joystick.o)
                               0x5857 (size before relaxing)
 .debug_str     0x00006f1f       0x91 C:\Users\tudor.bradescu\Desktop\workspace3\Lib_EaBaseBoard\Debug\libLib_EaBaseBoard.a(led7seg.o)
                               0x5bce (size before relaxing)
 .debug_str     0x00006fb0      0x323 C:\Users\tudor.bradescu\Desktop\workspace3\Lib_EaBaseBoard\Debug\libLib_EaBaseBoard.a(oled.o)
                               0x611e (size before relaxing)
 .debug_str     0x000072d3       0x2a C:\Users\tudor.bradescu\Desktop\workspace3\Lib_EaBaseBoard\Debug\libLib_EaBaseBoard.a(rgb.o)
                               0x59ca (size before relaxing)
 .debug_str     0x000072fd       0x8e C:\Users\tudor.bradescu\Desktop\workspace3\Lib_EaBaseBoard\Debug\libLib_EaBaseBoard.a(rotary.o)
                               0x58c0 (size before relaxing)
 .debug_str     0x0000738b       0xe8 C:\Users\tudor.bradescu\Desktop\workspace3\Lib_EaBaseBoard\Debug\libLib_EaBaseBoard.a(temp.o)
                               0x58fe (size before relaxing)
 .debug_str     0x00007473      0xe21 C:\Users\tudor.bradescu\Desktop\workspace3\Lib_EaBaseBoard\Debug\libLib_EaBaseBoard.a(font5x7.o)
                               0x319d (size before relaxing)
 .debug_str     0x00008294       0xb0 C:\Users\tudor.bradescu\Desktop\workspace3\Lib_MCU\Debug\libLib_MCU.a(adc.o)
                               0x5c4c (size before relaxing)
 .debug_str     0x00008344       0xa9 C:\Users\tudor.bradescu\Desktop\workspace3\Lib_MCU\Debug\libLib_MCU.a(gpio.o)
                               0x5c62 (size before relaxing)
 .debug_str     0x000083ed      0x169 C:\Users\tudor.bradescu\Desktop\workspace3\Lib_MCU\Debug\libLib_MCU.a(i2c.o)
                               0x60e8 (size before relaxing)
 .debug_str     0x00008556       0x9c C:\Users\tudor.bradescu\Desktop\workspace3\Lib_MCU\Debug\libLib_MCU.a(ssp.o)
                               0x613a (size before relaxing)
 .debug_str     0x000085f2       0x8b C:\Users\tudor.bradescu\Desktop\workspace3\Lib_MCU\Debug\libLib_MCU.a(timer32.o)
                               0x5e06 (size before relaxing)
 .debug_str     0x0000867d       0xc3 C:\Users\tudor.bradescu\Desktop\workspace3\Lib_MCU\Debug\libLib_MCU.a(uart.o)
                               0x5f55 (size before relaxing)
 .debug_str     0x00008740      0x3ce C:\Users\tudor.bradescu\Desktop\workspace3\Lib_CMSISv1p30_LPC11xx\Debug\libLib_CMSISv1p30_LPC11xx.a(system_LPC11xx.o)
                               0x5cf9 (size before relaxing)

.comment        0x00000000       0x6e
 .comment       0x00000000       0x6e ./src/DemoLPCExpresso2016.o
                                 0x6f (size before relaxing)
 .comment       0x0000006e       0x6f ./src/DemoLPCExpresso2016_init.o
 .comment       0x0000006e       0x6f ./src/Joystick_Buzzer_Interface.o
 .comment       0x0000006e       0x6f ./src/Seven_Segment.o
 .comment       0x0000006e       0x6f ./src/buzzer.o
 .comment       0x0000006e       0x6f ./src/cr_startup_lpc11.o
 .comment       0x0000006e       0x6f ./src/display.o
 .comment       0x0000006e       0x6f ./src/joystickPosition.o
 .comment       0x0000006e       0x6f ./src/push_button.o
 .comment       0x0000006e       0x6f ./src/rgbLED.o
 .comment       0x0000006e       0x6f ./src/rotary_encoder.o
 .comment       0x0000006e       0x6f ./src/temperature.o
 .comment       0x0000006e       0x6f C:\Users\tudor.bradescu\Desktop\workspace3\Lib_EaBaseBoard\Debug\libLib_EaBaseBoard.a(joystick.o)
 .comment       0x0000006e       0x6f C:\Users\tudor.bradescu\Desktop\workspace3\Lib_EaBaseBoard\Debug\libLib_EaBaseBoard.a(led7seg.o)
 .comment       0x0000006e       0x6f C:\Users\tudor.bradescu\Desktop\workspace3\Lib_EaBaseBoard\Debug\libLib_EaBaseBoard.a(oled.o)
 .comment       0x0000006e       0x6f C:\Users\tudor.bradescu\Desktop\workspace3\Lib_EaBaseBoard\Debug\libLib_EaBaseBoard.a(rgb.o)
 .comment       0x0000006e       0x6f C:\Users\tudor.bradescu\Desktop\workspace3\Lib_EaBaseBoard\Debug\libLib_EaBaseBoard.a(rotary.o)
 .comment       0x0000006e       0x6f C:\Users\tudor.bradescu\Desktop\workspace3\Lib_EaBaseBoard\Debug\libLib_EaBaseBoard.a(temp.o)
 .comment       0x0000006e       0x6f C:\Users\tudor.bradescu\Desktop\workspace3\Lib_EaBaseBoard\Debug\libLib_EaBaseBoard.a(font5x7.o)
 .comment       0x0000006e       0x6f C:\Users\tudor.bradescu\Desktop\workspace3\Lib_MCU\Debug\libLib_MCU.a(adc.o)
 .comment       0x0000006e       0x6f C:\Users\tudor.bradescu\Desktop\workspace3\Lib_MCU\Debug\libLib_MCU.a(gpio.o)
 .comment       0x0000006e       0x6f C:\Users\tudor.bradescu\Desktop\workspace3\Lib_MCU\Debug\libLib_MCU.a(i2c.o)
 .comment       0x0000006e       0x6f C:\Users\tudor.bradescu\Desktop\workspace3\Lib_MCU\Debug\libLib_MCU.a(ssp.o)
 .comment       0x0000006e       0x6f C:\Users\tudor.bradescu\Desktop\workspace3\Lib_MCU\Debug\libLib_MCU.a(timer32.o)
 .comment       0x0000006e       0x6f C:\Users\tudor.bradescu\Desktop\workspace3\Lib_MCU\Debug\libLib_MCU.a(uart.o)
 .comment       0x0000006e       0x6f C:\Users\tudor.bradescu\Desktop\workspace3\Lib_CMSISv1p30_LPC11xx\Debug\libLib_CMSISv1p30_LPC11xx.a(system_LPC11xx.o)
 .comment       0x0000006e       0x6f c:/nxp/lpcxpresso_8.1.4_606/lpcxpresso/tools/bin/../lib/gcc/arm-none-eabi/5.2.1/../../../../arm-none-eabi/lib/armv6-m\libcr_semihost.a(_cr__main.o)
 .comment       0x0000006e       0x6f c:/nxp/lpcxpresso_8.1.4_606/lpcxpresso/tools/bin/../lib/gcc/arm-none-eabi/5.2.1/../../../../arm-none-eabi/lib/armv6-m\libcr_c.a(memset.o)
 .comment       0x0000006e       0x6f c:/nxp/lpcxpresso_8.1.4_606/lpcxpresso/tools/bin/../lib/gcc/arm-none-eabi/5.2.1/../../../../arm-none-eabi/lib/armv6-m\libcr_c.a(initio.o)
 .comment       0x0000006e       0x6f c:/nxp/lpcxpresso_8.1.4_606/lpcxpresso/tools/bin/../lib/gcc/arm-none-eabi/5.2.1/../../../../arm-none-eabi/lib/armv6-m\libcr_c.a(setvbuf.o)
 .comment       0x0000006e       0x6f c:/nxp/lpcxpresso_8.1.4_606/lpcxpresso/tools/bin/../lib/gcc/arm-none-eabi/5.2.1/../../../../arm-none-eabi/lib/armv6-m\libcr_c.a(stdio.o)
 .comment       0x0000006e       0x6f c:/nxp/lpcxpresso_8.1.4_606/lpcxpresso/tools/bin/../lib/gcc/arm-none-eabi/5.2.1/../../../../arm-none-eabi/lib/armv6-m\libcr_c.a(_deferredlazyseek.o)
 .comment       0x0000006e       0x6f c:/nxp/lpcxpresso_8.1.4_606/lpcxpresso/tools/bin/../lib/gcc/arm-none-eabi/5.2.1/../../../../arm-none-eabi/lib/armv6-m\libcr_c.a(_fdopen.o)
 .comment       0x0000006e       0x6f c:/nxp/lpcxpresso_8.1.4_606/lpcxpresso/tools/bin/../lib/gcc/arm-none-eabi/5.2.1/../../../../arm-none-eabi/lib/armv6-m\libcr_c.a(_fflush.o)
 .comment       0x0000006e       0x6f c:/nxp/lpcxpresso_8.1.4_606/lpcxpresso/tools/bin/../lib/gcc/arm-none-eabi/5.2.1/../../../../arm-none-eabi/lib/armv6-m\libcr_c.a(_writebuf.o)
 .comment       0x0000006e       0x6f c:/nxp/lpcxpresso_8.1.4_606/lpcxpresso/tools/bin/../lib/gcc/arm-none-eabi/5.2.1/../../../../arm-none-eabi/lib/armv6-m\libcr_c.a(alloc.o)
 .comment       0x0000006e       0x6f c:/nxp/lpcxpresso_8.1.4_606/lpcxpresso/tools/bin/../lib/gcc/arm-none-eabi/5.2.1/../../../../arm-none-eabi/lib/armv6-m\libcr_c.a(fclose.o)
 .comment       0x0000006e       0x6f c:/nxp/lpcxpresso_8.1.4_606/lpcxpresso/tools/bin/../lib/gcc/arm-none-eabi/5.2.1/../../../../arm-none-eabi/lib/armv6-m\libcr_c.a(fflush.o)
 .comment       0x0000006e       0x6f c:/nxp/lpcxpresso_8.1.4_606/lpcxpresso/tools/bin/../lib/gcc/arm-none-eabi/5.2.1/../../../../arm-none-eabi/lib/armv6-m\libcr_c.a(fseek.o)
 .comment       0x0000006e       0x6f c:/nxp/lpcxpresso_8.1.4_606/lpcxpresso/tools/bin/../lib/gcc/arm-none-eabi/5.2.1/../../../../arm-none-eabi/lib/armv6-m\libcr_c.a(ftell.o)
 .comment       0x0000006e       0x6f c:/nxp/lpcxpresso_8.1.4_606/lpcxpresso/tools/bin/../lib/gcc/arm-none-eabi/5.2.1/../../../../arm-none-eabi/lib/armv6-m\libcr_c.a(remove.o)
 .comment       0x0000006e       0x6f c:/nxp/lpcxpresso_8.1.4_606/lpcxpresso/tools/bin/../lib/gcc/arm-none-eabi/5.2.1/../../../../arm-none-eabi/lib/armv6-m\libcr_c.a(strlen.o)
 .comment       0x0000006e       0x6f c:/nxp/lpcxpresso_8.1.4_606/lpcxpresso/tools/bin/../lib/gcc/arm-none-eabi/5.2.1/../../../../arm-none-eabi/lib/armv6-m\libcr_c.a(__init_alloc.o)
 .comment       0x0000006e       0x6f c:/nxp/lpcxpresso_8.1.4_606/lpcxpresso/tools/bin/../lib/gcc/arm-none-eabi/5.2.1/../../../../arm-none-eabi/lib/armv6-m\libcr_c.a(_cr_sbrk.o)
 .comment       0x0000006e       0x6f c:/nxp/lpcxpresso_8.1.4_606/lpcxpresso/tools/bin/../lib/gcc/arm-none-eabi/5.2.1/../../../../arm-none-eabi/lib/armv6-m\libcr_c.a(_do_fflush.o)
 .comment       0x0000006e       0x6f c:/nxp/lpcxpresso_8.1.4_606/lpcxpresso/tools/bin/../lib/gcc/arm-none-eabi/5.2.1/../../../../arm-none-eabi/lib/armv6-m\libcr_c.a(errno.o)
 .comment       0x0000006e       0x6f c:/nxp/lpcxpresso_8.1.4_606/lpcxpresso/tools/bin/../lib/gcc/arm-none-eabi/5.2.1/../../../../arm-none-eabi/lib/armv6-m\libcr_c.a(_cr_check_heap.o)

.ARM.attributes
                0x00000000       0x2f
 .ARM.attributes
                0x00000000       0x31 ./src/DemoLPCExpresso2016.o
 .ARM.attributes
                0x00000031       0x31 ./src/DemoLPCExpresso2016_init.o
 .ARM.attributes
                0x00000062       0x31 ./src/Joystick_Buzzer_Interface.o
 .ARM.attributes
                0x00000093       0x31 ./src/Seven_Segment.o
 .ARM.attributes
                0x000000c4       0x31 ./src/buzzer.o
 .ARM.attributes
                0x000000f5       0x31 ./src/cr_startup_lpc11.o
 .ARM.attributes
                0x00000126       0x31 ./src/display.o
 .ARM.attributes
                0x00000157       0x31 ./src/joystickPosition.o
 .ARM.attributes
                0x00000188       0x31 ./src/push_button.o
 .ARM.attributes
                0x000001b9       0x31 ./src/rgbLED.o
 .ARM.attributes
                0x000001ea       0x31 ./src/rotary_encoder.o
 .ARM.attributes
                0x0000021b       0x31 ./src/temperature.o
 .ARM.attributes
                0x0000024c       0x31 C:\Users\tudor.bradescu\Desktop\workspace3\Lib_EaBaseBoard\Debug\libLib_EaBaseBoard.a(joystick.o)
 .ARM.attributes
                0x0000027d       0x31 C:\Users\tudor.bradescu\Desktop\workspace3\Lib_EaBaseBoard\Debug\libLib_EaBaseBoard.a(led7seg.o)
 .ARM.attributes
                0x000002ae       0x31 C:\Users\tudor.bradescu\Desktop\workspace3\Lib_EaBaseBoard\Debug\libLib_EaBaseBoard.a(oled.o)
 .ARM.attributes
                0x000002df       0x31 C:\Users\tudor.bradescu\Desktop\workspace3\Lib_EaBaseBoard\Debug\libLib_EaBaseBoard.a(rgb.o)
 .ARM.attributes
                0x00000310       0x31 C:\Users\tudor.bradescu\Desktop\workspace3\Lib_EaBaseBoard\Debug\libLib_EaBaseBoard.a(rotary.o)
 .ARM.attributes
                0x00000341       0x31 C:\Users\tudor.bradescu\Desktop\workspace3\Lib_EaBaseBoard\Debug\libLib_EaBaseBoard.a(temp.o)
 .ARM.attributes
                0x00000372       0x31 C:\Users\tudor.bradescu\Desktop\workspace3\Lib_EaBaseBoard\Debug\libLib_EaBaseBoard.a(font5x7.o)
 .ARM.attributes
                0x000003a3       0x31 C:\Users\tudor.bradescu\Desktop\workspace3\Lib_MCU\Debug\libLib_MCU.a(adc.o)
 .ARM.attributes
                0x000003d4       0x31 C:\Users\tudor.bradescu\Desktop\workspace3\Lib_MCU\Debug\libLib_MCU.a(gpio.o)
 .ARM.attributes
                0x00000405       0x31 C:\Users\tudor.bradescu\Desktop\workspace3\Lib_MCU\Debug\libLib_MCU.a(i2c.o)
 .ARM.attributes
                0x00000436       0x31 C:\Users\tudor.bradescu\Desktop\workspace3\Lib_MCU\Debug\libLib_MCU.a(ssp.o)
 .ARM.attributes
                0x00000467       0x31 C:\Users\tudor.bradescu\Desktop\workspace3\Lib_MCU\Debug\libLib_MCU.a(timer32.o)
 .ARM.attributes
                0x00000498       0x31 C:\Users\tudor.bradescu\Desktop\workspace3\Lib_MCU\Debug\libLib_MCU.a(uart.o)
 .ARM.attributes
                0x000004c9       0x31 C:\Users\tudor.bradescu\Desktop\workspace3\Lib_CMSISv1p30_LPC11xx\Debug\libLib_CMSISv1p30_LPC11xx.a(system_LPC11xx.o)
 .ARM.attributes
                0x000004fa       0x31 c:/nxp/lpcxpresso_8.1.4_606/lpcxpresso/tools/bin/../lib/gcc/arm-none-eabi/5.2.1/../../../../arm-none-eabi/lib/armv6-m\libcr_semihost.a(_cr__main.o)
 .ARM.attributes
                0x0000052b       0x31 c:/nxp/lpcxpresso_8.1.4_606/lpcxpresso/tools/bin/../lib/gcc/arm-none-eabi/5.2.1/../../../../arm-none-eabi/lib/armv6-m\libcr_c.a(memset.o)
 .ARM.attributes
                0x0000055c       0x31 c:/nxp/lpcxpresso_8.1.4_606/lpcxpresso/tools/bin/../lib/gcc/arm-none-eabi/5.2.1/../../../../arm-none-eabi/lib/armv6-m\libcr_c.a(initio.o)
 .ARM.attributes
                0x0000058d       0x31 c:/nxp/lpcxpresso_8.1.4_606/lpcxpresso/tools/bin/../lib/gcc/arm-none-eabi/5.2.1/../../../../arm-none-eabi/lib/armv6-m\libcr_c.a(setvbuf.o)
 .ARM.attributes
                0x000005be       0x31 c:/nxp/lpcxpresso_8.1.4_606/lpcxpresso/tools/bin/../lib/gcc/arm-none-eabi/5.2.1/../../../../arm-none-eabi/lib/armv6-m\libcr_c.a(stdio.o)
 .ARM.attributes
                0x000005ef       0x31 c:/nxp/lpcxpresso_8.1.4_606/lpcxpresso/tools/bin/../lib/gcc/arm-none-eabi/5.2.1/../../../../arm-none-eabi/lib/armv6-m\libcr_c.a(_deferredlazyseek.o)
 .ARM.attributes
                0x00000620       0x31 c:/nxp/lpcxpresso_8.1.4_606/lpcxpresso/tools/bin/../lib/gcc/arm-none-eabi/5.2.1/../../../../arm-none-eabi/lib/armv6-m\libcr_c.a(_fdopen.o)
 .ARM.attributes
                0x00000651       0x31 c:/nxp/lpcxpresso_8.1.4_606/lpcxpresso/tools/bin/../lib/gcc/arm-none-eabi/5.2.1/../../../../arm-none-eabi/lib/armv6-m\libcr_c.a(_fflush.o)
 .ARM.attributes
                0x00000682       0x31 c:/nxp/lpcxpresso_8.1.4_606/lpcxpresso/tools/bin/../lib/gcc/arm-none-eabi/5.2.1/../../../../arm-none-eabi/lib/armv6-m\libcr_c.a(_writebuf.o)
 .ARM.attributes
                0x000006b3       0x31 c:/nxp/lpcxpresso_8.1.4_606/lpcxpresso/tools/bin/../lib/gcc/arm-none-eabi/5.2.1/../../../../arm-none-eabi/lib/armv6-m\libcr_c.a(alloc.o)
 .ARM.attributes
                0x000006e4       0x31 c:/nxp/lpcxpresso_8.1.4_606/lpcxpresso/tools/bin/../lib/gcc/arm-none-eabi/5.2.1/../../../../arm-none-eabi/lib/armv6-m\libcr_c.a(fclose.o)
 .ARM.attributes
                0x00000715       0x31 c:/nxp/lpcxpresso_8.1.4_606/lpcxpresso/tools/bin/../lib/gcc/arm-none-eabi/5.2.1/../../../../arm-none-eabi/lib/armv6-m\libcr_c.a(fflush.o)
 .ARM.attributes
                0x00000746       0x31 c:/nxp/lpcxpresso_8.1.4_606/lpcxpresso/tools/bin/../lib/gcc/arm-none-eabi/5.2.1/../../../../arm-none-eabi/lib/armv6-m\libcr_c.a(fseek.o)
 .ARM.attributes
                0x00000777       0x31 c:/nxp/lpcxpresso_8.1.4_606/lpcxpresso/tools/bin/../lib/gcc/arm-none-eabi/5.2.1/../../../../arm-none-eabi/lib/armv6-m\libcr_c.a(ftell.o)
 .ARM.attributes
                0x000007a8       0x31 c:/nxp/lpcxpresso_8.1.4_606/lpcxpresso/tools/bin/../lib/gcc/arm-none-eabi/5.2.1/../../../../arm-none-eabi/lib/armv6-m\libcr_c.a(remove.o)
 .ARM.attributes
                0x000007d9       0x31 c:/nxp/lpcxpresso_8.1.4_606/lpcxpresso/tools/bin/../lib/gcc/arm-none-eabi/5.2.1/../../../../arm-none-eabi/lib/armv6-m\libcr_c.a(strlen.o)
 .ARM.attributes
                0x0000080a       0x31 c:/nxp/lpcxpresso_8.1.4_606/lpcxpresso/tools/bin/../lib/gcc/arm-none-eabi/5.2.1/../../../../arm-none-eabi/lib/armv6-m\libcr_c.a(__init_alloc.o)
 .ARM.attributes
                0x0000083b       0x31 c:/nxp/lpcxpresso_8.1.4_606/lpcxpresso/tools/bin/../lib/gcc/arm-none-eabi/5.2.1/../../../../arm-none-eabi/lib/armv6-m\libcr_c.a(_cr_sbrk.o)
 .ARM.attributes
                0x0000086c       0x31 c:/nxp/lpcxpresso_8.1.4_606/lpcxpresso/tools/bin/../lib/gcc/arm-none-eabi/5.2.1/../../../../arm-none-eabi/lib/armv6-m\libcr_c.a(_do_fflush.o)
 .ARM.attributes
                0x0000089d       0x31 c:/nxp/lpcxpresso_8.1.4_606/lpcxpresso/tools/bin/../lib/gcc/arm-none-eabi/5.2.1/../../../../arm-none-eabi/lib/armv6-m\libcr_c.a(errno.o)
 .ARM.attributes
                0x000008ce       0x31 c:/nxp/lpcxpresso_8.1.4_606/lpcxpresso/tools/bin/../lib/gcc/arm-none-eabi/5.2.1/../../../../arm-none-eabi/lib/armv6-m\libcr_c.a(_cr_check_heap.o)
 .ARM.attributes
                0x000008ff       0x21 c:/nxp/lpcxpresso_8.1.4_606/lpcxpresso/tools/bin/../lib/gcc/arm-none-eabi/5.2.1/armv6-m\libcr_eabihelpers.a(division_32.o)
 .ARM.attributes
                0x00000920       0x21 c:/nxp/lpcxpresso_8.1.4_606/lpcxpresso/tools/bin/../lib/gcc/arm-none-eabi/5.2.1/armv6-m\libcr_eabihelpers.a(division_idiv0.o)
 .ARM.attributes
                0x00000941       0x21 c:/nxp/lpcxpresso_8.1.4_606/lpcxpresso/tools/bin/../lib/gcc/arm-none-eabi/5.2.1/armv6-m\libcr_eabihelpers.a(memcpy.o)
 .ARM.attributes
                0x00000962       0x21 c:/nxp/lpcxpresso_8.1.4_606/lpcxpresso/tools/bin/../lib/gcc/arm-none-eabi/5.2.1/../../../../arm-none-eabi/lib/armv6-m\libcr_semihost.a(__sys_appexit.o)
 .ARM.attributes
                0x00000983       0x21 c:/nxp/lpcxpresso_8.1.4_606/lpcxpresso/tools/bin/../lib/gcc/arm-none-eabi/5.2.1/../../../../arm-none-eabi/lib/armv6-m\libcr_semihost.a(__sys_close.o)
 .ARM.attributes
                0x000009a4       0x21 c:/nxp/lpcxpresso_8.1.4_606/lpcxpresso/tools/bin/../lib/gcc/arm-none-eabi/5.2.1/../../../../arm-none-eabi/lib/armv6-m\libcr_semihost.a(__sys_flen.o)
 .ARM.attributes
                0x000009c5       0x21 c:/nxp/lpcxpresso_8.1.4_606/lpcxpresso/tools/bin/../lib/gcc/arm-none-eabi/5.2.1/../../../../arm-none-eabi/lib/armv6-m\libcr_semihost.a(__sys_istty.o)
 .ARM.attributes
                0x000009e6       0x21 c:/nxp/lpcxpresso_8.1.4_606/lpcxpresso/tools/bin/../lib/gcc/arm-none-eabi/5.2.1/../../../../arm-none-eabi/lib/armv6-m\libcr_semihost.a(__sys_remove.o)
 .ARM.attributes
                0x00000a07       0x21 c:/nxp/lpcxpresso_8.1.4_606/lpcxpresso/tools/bin/../lib/gcc/arm-none-eabi/5.2.1/../../../../arm-none-eabi/lib/armv6-m\libcr_semihost.a(__sys_seek.o)
 .ARM.attributes
                0x00000a28       0x21 c:/nxp/lpcxpresso_8.1.4_606/lpcxpresso/tools/bin/../lib/gcc/arm-none-eabi/5.2.1/../../../../arm-none-eabi/lib/armv6-m\libcr_semihost.a(__sys_tmpnam.o)
 .ARM.attributes
                0x00000a49       0x21 c:/nxp/lpcxpresso_8.1.4_606/lpcxpresso/tools/bin/../lib/gcc/arm-none-eabi/5.2.1/../../../../arm-none-eabi/lib/armv6-m\libcr_semihost.a(__sys_write.o)

.debug_frame    0x00000000      0xec0
 .debug_frame   0x00000000       0x30 ./src/DemoLPCExpresso2016.o
 .debug_frame   0x00000030       0x70 ./src/DemoLPCExpresso2016_init.o
 .debug_frame   0x000000a0       0x50 ./src/Joystick_Buzzer_Interface.o
 .debug_frame   0x000000f0       0x30 ./src/Seven_Segment.o
 .debug_frame   0x00000120       0xc8 ./src/buzzer.o
 .debug_frame   0x000001e8       0xd8 ./src/cr_startup_lpc11.o
 .debug_frame   0x000002c0       0xa8 ./src/display.o
 .debug_frame   0x00000368       0x30 ./src/joystickPosition.o
 .debug_frame   0x00000398       0x2c ./src/push_button.o
 .debug_frame   0x000003c4      0x180 ./src/rgbLED.o
 .debug_frame   0x00000544       0x2c ./src/rotary_encoder.o
 .debug_frame   0x00000570       0x30 ./src/temperature.o
 .debug_frame   0x000005a0       0x4c C:\Users\tudor.bradescu\Desktop\workspace3\Lib_EaBaseBoard\Debug\libLib_EaBaseBoard.a(joystick.o)
 .debug_frame   0x000005ec       0x4c C:\Users\tudor.bradescu\Desktop\workspace3\Lib_EaBaseBoard\Debug\libLib_EaBaseBoard.a(led7seg.o)
 .debug_frame   0x00000638      0x208 C:\Users\tudor.bradescu\Desktop\workspace3\Lib_EaBaseBoard\Debug\libLib_EaBaseBoard.a(oled.o)
 .debug_frame   0x00000840       0x4c C:\Users\tudor.bradescu\Desktop\workspace3\Lib_EaBaseBoard\Debug\libLib_EaBaseBoard.a(rgb.o)
 .debug_frame   0x0000088c       0x4c C:\Users\tudor.bradescu\Desktop\workspace3\Lib_EaBaseBoard\Debug\libLib_EaBaseBoard.a(rotary.o)
 .debug_frame   0x000008d8       0x50 C:\Users\tudor.bradescu\Desktop\workspace3\Lib_EaBaseBoard\Debug\libLib_EaBaseBoard.a(temp.o)
 .debug_frame   0x00000928       0x6c C:\Users\tudor.bradescu\Desktop\workspace3\Lib_MCU\Debug\libLib_MCU.a(adc.o)
 .debug_frame   0x00000994      0x14c C:\Users\tudor.bradescu\Desktop\workspace3\Lib_MCU\Debug\libLib_MCU.a(gpio.o)
 .debug_frame   0x00000ae0      0x108 C:\Users\tudor.bradescu\Desktop\workspace3\Lib_MCU\Debug\libLib_MCU.a(i2c.o)
 .debug_frame   0x00000be8       0xb0 C:\Users\tudor.bradescu\Desktop\workspace3\Lib_MCU\Debug\libLib_MCU.a(ssp.o)
 .debug_frame   0x00000c98       0xf0 C:\Users\tudor.bradescu\Desktop\workspace3\Lib_MCU\Debug\libLib_MCU.a(timer32.o)
 .debug_frame   0x00000d88       0xcc C:\Users\tudor.bradescu\Desktop\workspace3\Lib_MCU\Debug\libLib_MCU.a(uart.o)
 .debug_frame   0x00000e54       0x6c C:\Users\tudor.bradescu\Desktop\workspace3\Lib_CMSISv1p30_LPC11xx\Debug\libLib_CMSISv1p30_LPC11xx.a(system_LPC11xx.o)
